=== Iteration 1/200 ===
13:01:28 INFO: Stage 0 passed: PlacementResult(hpwl=4.924e+06, overflow=0.6499, tns=0.000e+00, t=1.5s, div=0)
13:01:29 INFO: Stage 1 passed: PlacementResult(hpwl=6.845e+06, overflow=0.7610, tns=0.000e+00, t=1.0s, div=0)
13:01:33 INFO: Stage 2 passed: PlacementResult(hpwl=2.159e+06, overflow=0.0823, tns=0.000e+00, t=4.7s, div=0)
13:01:33 INFO: Score: -0.9890 | norm_hpwl: 0.9890
13:01:33 INFO: New best! score=-0.9890
=== Iteration 2/200 ===
13:02:07 INFO: Stage 0 passed: PlacementResult(hpwl=4.536e+06, overflow=0.3458, tns=0.000e+00, t=0.4s, div=0)
13:02:08 ERROR: possible DIVERGENCE detected, roll back to the best position recorded
13:02:08 INFO: Stage 1 passed: PlacementResult(hpwl=3.861e+06, overflow=0.2696, tns=0.000e+00, t=0.4s, div=0)
13:02:08 ERROR: possible DIVERGENCE detected, roll back to the best position recorded
13:02:08 INFO: Stage 2 passed: PlacementResult(hpwl=3.939e+06, overflow=0.2711, tns=0.000e+00, t=0.4s, div=0)
13:02:08 INFO: Score: -inf | norm_hpwl: inf
=== Iteration 3/200 ===
13:02:36 INFO: Stage 0 passed: PlacementResult(hpwl=6.176e+06, overflow=0.3591, tns=0.000e+00, t=0.4s, div=0)
13:02:37 INFO: Stage 1 passed: PlacementResult(hpwl=5.302e+06, overflow=0.0855, tns=0.000e+00, t=1.1s, div=0)
13:02:37 ERROR: possible DIVERGENCE detected, roll back to the best position recorded
13:02:37 INFO: Stage 2 passed: PlacementResult(hpwl=5.411e+06, overflow=0.2681, tns=0.000e+00, t=0.4s, div=0)
13:02:37 INFO: Score: -inf | norm_hpwl: inf
=== Iteration 4/200 ===
13:03:17 INFO: Score: -inf | norm_hpwl: inf
=== Iteration 5/200 ===
13:03:35 INFO: Stage 0 passed: PlacementResult(hpwl=5.841e+06, overflow=0.3732, tns=0.000e+00, t=0.4s, div=0)
13:03:36 INFO: Stage 1 passed: PlacementResult(hpwl=4.685e+06, overflow=0.0847, tns=0.000e+00, t=1.1s, div=0)
13:03:41 INFO: Stage 2 passed: PlacementResult(hpwl=4.636e+06, overflow=0.0826, tns=0.000e+00, t=4.7s, div=0)
13:03:41 INFO: Score: -2.1238 | norm_hpwl: 2.1238
=== Iteration 6/200 ===
13:03:58 INFO: Stage 0 passed: PlacementResult(hpwl=9.640e+06, overflow=0.3313, tns=0.000e+00, t=0.4s, div=0)
13:03:59 INFO: Score: -inf | norm_hpwl: inf
=== Iteration 7/200 ===
13:04:20 INFO: Stage 0 passed: PlacementResult(hpwl=3.606e+06, overflow=0.3535, tns=0.000e+00, t=0.5s, div=0)
13:04:21 ERROR: possible DIVERGENCE detected, roll back to the best position recorded
13:04:21 INFO: Stage 1 passed: PlacementResult(hpwl=3.221e+06, overflow=0.2735, tns=0.000e+00, t=0.4s, div=0)
13:04:21 ERROR: possible DIVERGENCE detected, roll back to the best position recorded
13:04:21 INFO: Stage 2 passed: PlacementResult(hpwl=3.246e+06, overflow=0.2748, tns=0.000e+00, t=0.5s, div=0)
13:04:21 INFO: Score: -inf | norm_hpwl: inf
=== Iteration 8/200 ===
13:04:57 INFO: Stage 0 passed: PlacementResult(hpwl=4.663e+06, overflow=0.3542, tns=0.000e+00, t=0.4s, div=0)
13:04:57 ERROR: possible DIVERGENCE detected, roll back to the best position recorded
13:04:57 INFO: Stage 1 passed: PlacementResult(hpwl=4.259e+06, overflow=0.2711, tns=0.000e+00, t=0.4s, div=0)
13:04:58 ERROR: possible DIVERGENCE detected, roll back to the best position recorded
13:04:58 INFO: Stage 2 passed: PlacementResult(hpwl=4.250e+06, overflow=0.2680, tns=0.000e+00, t=0.6s, div=0)
13:04:58 INFO: Score: -inf | norm_hpwl: inf
=== Iteration 9/200 ===
13:05:25 INFO: Stage 0 passed: PlacementResult(hpwl=3.844e+06, overflow=0.3747, tns=0.000e+00, t=0.4s, div=0)
13:05:26 INFO: Stage 1 passed: PlacementResult(hpwl=2.784e+06, overflow=0.1123, tns=0.000e+00, t=1.0s, div=0)
13:05:31 INFO: Stage 2 passed: PlacementResult(hpwl=2.813e+06, overflow=0.0826, tns=0.000e+00, t=4.6s, div=0)
13:05:31 INFO: Score: -1.2887 | norm_hpwl: 1.2887
=== Iteration 10/200 ===
13:05:47 INFO: Stage 0 passed: PlacementResult(hpwl=4.242e+06, overflow=0.3509, tns=0.000e+00, t=0.4s, div=0)
13:05:48 ERROR: possible DIVERGENCE detected, roll back to the best position recorded
13:05:48 INFO: Stage 1 passed: PlacementResult(hpwl=3.767e+06, overflow=0.2737, tns=0.000e+00, t=0.4s, div=0)
13:05:48 ERROR: possible DIVERGENCE detected, roll back to the best position recorded
13:05:48 INFO: Stage 2 passed: PlacementResult(hpwl=3.729e+06, overflow=0.2684, tns=0.000e+00, t=0.4s, div=0)
13:05:48 INFO: Score: -inf | norm_hpwl: inf
=== Iteration 11/200 ===
13:06:20 INFO: Stage 0 passed: PlacementResult(hpwl=4.874e+06, overflow=0.3621, tns=0.000e+00, t=0.5s, div=0)
13:06:21 ERROR: possible DIVERGENCE detected, roll back to the best position recorded
13:06:21 INFO: Stage 1 passed: PlacementResult(hpwl=4.395e+06, overflow=0.2685, tns=0.000e+00, t=0.4s, div=0)
13:06:21 ERROR: possible DIVERGENCE detected, roll back to the best position recorded
13:06:21 INFO: Stage 2 passed: PlacementResult(hpwl=4.395e+06, overflow=0.2660, tns=0.000e+00, t=0.4s, div=0)
13:06:21 INFO: Score: -inf | norm_hpwl: inf
=== Iteration 12/200 ===
13:06:41 INFO: Stage 0 passed: PlacementResult(hpwl=5.393e+06, overflow=0.3762, tns=0.000e+00, t=0.4s, div=0)
13:06:42 INFO: Stage 1 passed: PlacementResult(hpwl=3.059e+06, overflow=0.1790, tns=0.000e+00, t=1.1s, div=0)
13:06:47 INFO: Stage 2 passed: PlacementResult(hpwl=2.656e+06, overflow=0.1706, tns=0.000e+00, t=4.4s, div=0)
13:06:47 INFO: Score: -inf | norm_hpwl: inf
=== Iteration 13/200 ===
13:07:15 INFO: Stage 0 passed: PlacementResult(hpwl=3.830e+06, overflow=0.3539, tns=0.000e+00, t=0.4s, div=0)
13:07:15 ERROR: possible DIVERGENCE detected, roll back to the best position recorded
13:07:15 INFO: Stage 1 passed: PlacementResult(hpwl=3.393e+06, overflow=0.2727, tns=0.000e+00, t=0.5s, div=0)
13:07:16 ERROR: possible DIVERGENCE detected, roll back to the best position recorded
13:07:16 INFO: Stage 2 passed: PlacementResult(hpwl=3.532e+06, overflow=0.2750, tns=0.000e+00, t=0.8s, div=0)
13:07:16 INFO: Score: -inf | norm_hpwl: inf
=== Iteration 14/200 ===
13:07:32 INFO: Stage 0 passed: PlacementResult(hpwl=4.028e+06, overflow=0.3688, tns=0.000e+00, t=0.4s, div=0)
13:07:33 ERROR: possible DIVERGENCE detected, roll back to the best position recorded
13:07:33 INFO: Stage 1 passed: PlacementResult(hpwl=3.306e+06, overflow=0.2742, tns=0.000e+00, t=0.4s, div=0)
13:07:33 ERROR: possible DIVERGENCE detected, roll back to the best position recorded
13:07:33 INFO: Stage 2 passed: PlacementResult(hpwl=3.321e+06, overflow=0.2772, tns=0.000e+00, t=0.6s, div=0)
13:07:33 INFO: Score: -inf | norm_hpwl: inf
=== Iteration 15/200 ===
13:07:56 INFO: Stage 0 passed: PlacementResult(hpwl=2.946e+06, overflow=0.3826, tns=0.000e+00, t=0.4s, div=0)
13:07:57 INFO: Stage 1 passed: PlacementResult(hpwl=2.196e+06, overflow=0.3554, tns=0.000e+00, t=0.8s, div=0)
13:08:01 INFO: Stage 2 passed: PlacementResult(hpwl=2.133e+06, overflow=0.3516, tns=0.000e+00, t=4.3s, div=0)
13:08:01 INFO: Score: -inf | norm_hpwl: inf
=== Iteration 16/200 ===
13:08:31 INFO: Score: -inf | norm_hpwl: inf
=== Iteration 17/200 ===
13:08:48 INFO: Score: -inf | norm_hpwl: inf
=== Iteration 18/200 ===
13:09:08 INFO: Stage 0 passed: PlacementResult(hpwl=3.226e+06, overflow=0.3738, tns=0.000e+00, t=0.3s, div=0)
13:09:09 INFO: Stage 1 passed: PlacementResult(hpwl=2.187e+06, overflow=0.3553, tns=0.000e+00, t=1.0s, div=0)
13:09:14 INFO: Stage 2 passed: PlacementResult(hpwl=2.114e+06, overflow=0.3527, tns=0.000e+00, t=4.5s, div=0)
13:09:14 INFO: Score: -inf | norm_hpwl: inf
=== Iteration 19/200 ===
13:09:34 INFO: Stage 0 passed: PlacementResult(hpwl=6.716e+06, overflow=0.3469, tns=0.000e+00, t=0.4s, div=0)
13:09:35 INFO: Stage 1 passed: PlacementResult(hpwl=4.951e+06, overflow=0.0850, tns=0.000e+00, t=1.1s, div=0)
13:09:36 ERROR: possible DIVERGENCE detected, roll back to the best position recorded
13:09:36 INFO: Stage 2 passed: PlacementResult(hpwl=5.568e+06, overflow=0.2725, tns=0.000e+00, t=0.5s, div=0)
13:09:36 INFO: Score: -inf | norm_hpwl: inf
=== Iteration 20/200 ===
13:10:03 INFO: Score: -inf | norm_hpwl: inf
=== Iteration 21/200 ===
13:10:24 INFO: Score: -inf | norm_hpwl: inf
=== Iteration 22/200 ===
13:10:42 INFO: Score: -inf | norm_hpwl: inf
=== Iteration 23/200 ===
13:11:00 INFO: Score: -inf | norm_hpwl: inf
=== Iteration 24/200 ===
13:11:17 INFO: Stage 0 passed: PlacementResult(hpwl=3.756e+06, overflow=0.3679, tns=0.000e+00, t=0.4s, div=0)
13:11:17 ERROR: possible DIVERGENCE detected, roll back to the best position recorded
13:11:17 INFO: Stage 1 passed: PlacementResult(hpwl=3.166e+06, overflow=0.2731, tns=0.000e+00, t=0.4s, div=0)
13:11:17 ERROR: possible DIVERGENCE detected, roll back to the best position recorded
13:11:17 INFO: Stage 2 passed: PlacementResult(hpwl=3.181e+06, overflow=0.2718, tns=0.000e+00, t=0.4s, div=0)
13:11:17 INFO: Score: -inf | norm_hpwl: inf
=== Iteration 25/200 ===
13:11:34 INFO: Stage 0 passed: PlacementResult(hpwl=3.519e+06, overflow=0.3776, tns=0.000e+00, t=0.3s, div=0)
13:11:35 INFO: Stage 1 passed: PlacementResult(hpwl=2.556e+06, overflow=0.1652, tns=0.000e+00, t=1.0s, div=0)
13:11:38 INFO: Stage 2 passed: PlacementResult(hpwl=2.550e+06, overflow=0.0942, tns=0.000e+00, t=3.6s, div=0)
13:11:38 INFO: Score: -1.1681 | norm_hpwl: 1.1681
=== Iteration 26/200 ===
13:12:07 INFO: Stage 0 passed: PlacementResult(hpwl=5.460e+06, overflow=0.3525, tns=0.000e+00, t=0.4s, div=0)
13:12:07 ERROR: possible DIVERGENCE detected, roll back to the best position recorded
13:12:07 INFO: Stage 1 passed: PlacementResult(hpwl=4.931e+06, overflow=0.2662, tns=0.000e+00, t=0.4s, div=0)
13:12:08 ERROR: possible DIVERGENCE detected, roll back to the best position recorded
13:12:08 INFO: Stage 2 passed: PlacementResult(hpwl=4.871e+06, overflow=0.2690, tns=0.000e+00, t=0.4s, div=0)
13:12:08 INFO: Score: -inf | norm_hpwl: inf
=== Iteration 27/200 ===
13:12:38 INFO: Stage 0 passed: PlacementResult(hpwl=3.486e+06, overflow=0.3739, tns=0.000e+00, t=0.3s, div=0)
13:12:39 INFO: Stage 1 passed: PlacementResult(hpwl=2.683e+06, overflow=0.0926, tns=0.000e+00, t=0.9s, div=0)
13:12:44 INFO: Stage 2 passed: PlacementResult(hpwl=2.725e+06, overflow=0.0823, tns=0.000e+00, t=4.7s, div=0)
13:12:44 INFO: Score: -1.2484 | norm_hpwl: 1.2484
=== Iteration 28/200 ===
13:13:01 INFO: Stage 0 passed: PlacementResult(hpwl=7.206e+06, overflow=0.3128, tns=0.000e+00, t=0.4s, div=0)
13:13:02 ERROR: possible DIVERGENCE detected, roll back to the best position recorded
13:13:02 INFO: Score: -inf | norm_hpwl: inf
=== Iteration 29/200 ===
13:13:28 INFO: Stage 0 passed: PlacementResult(hpwl=3.648e+06, overflow=0.3772, tns=0.000e+00, t=1.1s, div=0)
13:13:29 INFO: Stage 1 passed: PlacementResult(hpwl=2.560e+06, overflow=0.1757, tns=0.000e+00, t=1.0s, div=0)
13:13:34 INFO: Stage 2 passed: PlacementResult(hpwl=2.582e+06, overflow=0.1123, tns=0.000e+00, t=5.0s, div=0)
13:13:34 INFO: Score: -1.1830 | norm_hpwl: 1.1830
=== Iteration 30/200 ===
13:13:53 INFO: Score: -inf | norm_hpwl: inf
=== Iteration 31/200 ===
13:14:20 INFO: Score: -inf | norm_hpwl: inf
=== Iteration 32/200 ===
13:14:41 INFO: Stage 0 passed: PlacementResult(hpwl=3.002e+06, overflow=0.3667, tns=0.000e+00, t=0.4s, div=0)
13:14:42 INFO: Stage 1 passed: PlacementResult(hpwl=2.281e+06, overflow=0.3237, tns=0.000e+00, t=0.9s, div=0)
13:14:46 INFO: Stage 2 passed: PlacementResult(hpwl=2.129e+06, overflow=0.3525, tns=0.000e+00, t=3.7s, div=0)
13:14:46 INFO: Score: -inf | norm_hpwl: inf
=== Iteration 33/200 ===
13:15:11 INFO: Stage 0 passed: PlacementResult(hpwl=9.122e+06, overflow=0.3237, tns=0.000e+00, t=0.4s, div=0)
13:15:12 INFO: Score: -inf | norm_hpwl: inf
=== Iteration 34/200 ===
13:15:31 INFO: Score: -inf | norm_hpwl: inf
=== Iteration 35/200 ===
13:15:58 INFO: Stage 0 passed: PlacementResult(hpwl=2.868e+06, overflow=0.3820, tns=0.000e+00, t=0.4s, div=0)
13:15:59 INFO: Stage 1 passed: PlacementResult(hpwl=2.179e+06, overflow=0.3549, tns=0.000e+00, t=1.0s, div=0)
13:16:04 INFO: Stage 2 passed: PlacementResult(hpwl=2.124e+06, overflow=0.3524, tns=0.000e+00, t=5.4s, div=0)
13:16:04 INFO: Score: -inf | norm_hpwl: inf
=== Iteration 36/200 ===
13:16:29 INFO: Stage 0 passed: PlacementResult(hpwl=3.548e+06, overflow=0.3754, tns=0.000e+00, t=0.4s, div=0)
13:16:30 INFO: Stage 1 passed: PlacementResult(hpwl=2.505e+06, overflow=0.2257, tns=0.000e+00, t=1.0s, div=0)
13:16:34 INFO: Stage 2 passed: PlacementResult(hpwl=2.440e+06, overflow=0.1625, tns=0.000e+00, t=4.5s, div=0)
13:16:34 INFO: Score: -inf | norm_hpwl: inf
=== Iteration 37/200 ===
13:17:05 INFO: Stage 0 passed: PlacementResult(hpwl=4.692e+06, overflow=0.3668, tns=0.000e+00, t=0.4s, div=0)
13:17:05 ERROR: possible DIVERGENCE detected, roll back to the best position recorded
13:17:05 INFO: Stage 1 passed: PlacementResult(hpwl=4.063e+06, overflow=0.2747, tns=0.000e+00, t=0.4s, div=0)
13:17:05 ERROR: possible DIVERGENCE detected, roll back to the best position recorded
13:17:05 INFO: Stage 2 passed: PlacementResult(hpwl=3.898e+06, overflow=0.2732, tns=0.000e+00, t=0.4s, div=0)
13:17:05 INFO: Score: -inf | norm_hpwl: inf
=== Iteration 38/200 ===
13:17:34 INFO: Score: -inf | norm_hpwl: inf
=== Iteration 39/200 ===
13:18:01 INFO: Score: -inf | norm_hpwl: inf
=== Iteration 40/200 ===
13:18:42 INFO: Stage 0 passed: PlacementResult(hpwl=5.142e+06, overflow=0.3639, tns=0.000e+00, t=0.6s, div=0)
13:18:42 ERROR: possible DIVERGENCE detected, roll back to the best position recorded
13:18:42 INFO: Stage 1 passed: PlacementResult(hpwl=4.527e+06, overflow=0.2717, tns=0.000e+00, t=0.4s, div=0)
13:18:43 ERROR: possible DIVERGENCE detected, roll back to the best position recorded
13:18:43 INFO: Stage 2 passed: PlacementResult(hpwl=4.631e+06, overflow=0.2705, tns=0.000e+00, t=0.4s, div=0)
13:18:43 INFO: Score: -inf | norm_hpwl: inf
=== Iteration 41/200 ===
13:19:02 INFO: Stage 0 passed: PlacementResult(hpwl=6.122e+06, overflow=0.3239, tns=0.000e+00, t=0.4s, div=0)
13:19:02 ERROR: possible DIVERGENCE detected, roll back to the best position recorded
13:19:02 INFO: Stage 1 passed: PlacementResult(hpwl=5.959e+06, overflow=0.2683, tns=0.000e+00, t=0.4s, div=0)
13:19:03 ERROR: possible DIVERGENCE detected, roll back to the best position recorded
13:19:03 INFO: Stage 2 passed: PlacementResult(hpwl=5.516e+06, overflow=0.2687, tns=0.000e+00, t=0.5s, div=0)
13:19:03 INFO: Score: -inf | norm_hpwl: inf
=== Iteration 42/200 ===
13:19:22 INFO: Stage 0 passed: PlacementResult(hpwl=4.929e+06, overflow=0.3688, tns=0.000e+00, t=0.6s, div=0)
13:19:22 ERROR: possible DIVERGENCE detected, roll back to the best position recorded
13:19:22 INFO: Stage 1 passed: PlacementResult(hpwl=4.151e+06, overflow=0.2714, tns=0.000e+00, t=0.4s, div=0)
13:19:22 ERROR: possible DIVERGENCE detected, roll back to the best position recorded
13:19:22 INFO: Stage 2 passed: PlacementResult(hpwl=4.276e+06, overflow=0.2701, tns=0.000e+00, t=0.4s, div=0)
13:19:22 INFO: Score: -inf | norm_hpwl: inf
=== Iteration 43/200 ===
13:19:48 INFO: Stage 0 passed: PlacementResult(hpwl=3.503e+06, overflow=0.3772, tns=0.000e+00, t=0.4s, div=0)
13:19:50 INFO: Stage 1 passed: PlacementResult(hpwl=2.259e+06, overflow=0.3278, tns=0.000e+00, t=1.1s, div=0)
13:19:54 INFO: Stage 2 passed: PlacementResult(hpwl=2.166e+06, overflow=0.3257, tns=0.000e+00, t=4.4s, div=0)
13:19:54 INFO: Score: -inf | norm_hpwl: inf
=== Iteration 44/200 ===
13:20:13 INFO: Stage 0 passed: PlacementResult(hpwl=5.566e+06, overflow=0.3554, tns=0.000e+00, t=0.5s, div=0)
13:20:14 ERROR: possible DIVERGENCE detected, roll back to the best position recorded
13:20:14 INFO: Stage 1 passed: PlacementResult(hpwl=5.225e+06, overflow=0.2693, tns=0.000e+00, t=0.5s, div=0)
13:20:15 ERROR: possible DIVERGENCE detected, roll back to the best position recorded
13:20:15 INFO: Stage 2 passed: PlacementResult(hpwl=4.942e+06, overflow=0.2652, tns=0.000e+00, t=1.0s, div=0)
13:20:15 INFO: Score: -inf | norm_hpwl: inf
=== Iteration 45/200 ===
13:20:38 INFO: Stage 0 passed: PlacementResult(hpwl=3.504e+06, overflow=0.3751, tns=0.000e+00, t=0.4s, div=0)
13:20:38 ERROR: possible DIVERGENCE detected, roll back to the best position recorded
13:20:38 INFO: Stage 1 passed: PlacementResult(hpwl=3.216e+06, overflow=0.2747, tns=0.000e+00, t=0.4s, div=0)
13:20:38 ERROR: possible DIVERGENCE detected, roll back to the best position recorded
13:20:38 INFO: Stage 2 passed: PlacementResult(hpwl=3.296e+06, overflow=0.2724, tns=0.000e+00, t=0.5s, div=0)
13:20:38 INFO: Score: -inf | norm_hpwl: inf
=== Iteration 46/200 ===
13:20:55 INFO: Score: -inf | norm_hpwl: inf
=== Iteration 47/200 ===
13:21:12 INFO: Stage 0 passed: PlacementResult(hpwl=3.749e+06, overflow=0.3723, tns=0.000e+00, t=0.4s, div=0)
13:21:13 INFO: Stage 1 passed: PlacementResult(hpwl=2.702e+06, overflow=0.1322, tns=0.000e+00, t=1.0s, div=0)
13:21:17 INFO: Stage 2 passed: PlacementResult(hpwl=2.830e+06, overflow=0.0821, tns=0.000e+00, t=4.6s, div=0)
13:21:17 INFO: Score: -1.2966 | norm_hpwl: 1.2966
=== Iteration 48/200 ===
13:21:40 INFO: Score: -inf | norm_hpwl: inf
=== Iteration 49/200 ===
13:22:06 INFO: Score: -inf | norm_hpwl: inf
=== Iteration 50/200 ===
13:22:23 INFO: Stage 0 passed: PlacementResult(hpwl=2.929e+06, overflow=0.3819, tns=0.000e+00, t=0.3s, div=0)
13:22:24 INFO: Stage 1 passed: PlacementResult(hpwl=2.175e+06, overflow=0.3541, tns=0.000e+00, t=1.0s, div=0)
13:22:29 INFO: Stage 2 passed: PlacementResult(hpwl=2.149e+06, overflow=0.3522, tns=0.000e+00, t=4.5s, div=0)
13:22:29 INFO: Score: -inf | norm_hpwl: inf
=== Iteration 51/200 ===
13:22:49 INFO: Stage 0 passed: PlacementResult(hpwl=3.940e+06, overflow=0.3756, tns=0.000e+00, t=0.4s, div=0)
13:22:50 INFO: Stage 1 passed: PlacementResult(hpwl=2.823e+06, overflow=0.1421, tns=0.000e+00, t=0.9s, div=0)
13:22:54 INFO: Stage 2 passed: PlacementResult(hpwl=2.820e+06, overflow=0.0945, tns=0.000e+00, t=4.3s, div=0)
13:22:54 INFO: Score: -1.2920 | norm_hpwl: 1.2920
=== Iteration 52/200 ===
13:23:06 INFO: Stage 0 passed: PlacementResult(hpwl=2.896e+06, overflow=0.3823, tns=0.000e+00, t=0.4s, div=0)
13:23:07 INFO: Stage 1 passed: PlacementResult(hpwl=2.184e+06, overflow=0.3552, tns=0.000e+00, t=0.9s, div=0)
13:23:12 INFO: Stage 2 passed: PlacementResult(hpwl=2.125e+06, overflow=0.3522, tns=0.000e+00, t=5.4s, div=0)
13:23:12 INFO: Score: -inf | norm_hpwl: inf
=== Iteration 53/200 ===
13:23:31 INFO: Stage 0 passed: PlacementResult(hpwl=5.268e+06, overflow=0.3738, tns=0.000e+00, t=0.5s, div=0)
13:23:32 INFO: Stage 1 passed: PlacementResult(hpwl=3.631e+06, overflow=0.0893, tns=0.000e+00, t=1.1s, div=0)
13:23:37 INFO: Stage 2 passed: PlacementResult(hpwl=3.720e+06, overflow=0.0898, tns=0.000e+00, t=4.6s, div=0)
13:23:37 INFO: Score: -1.7045 | norm_hpwl: 1.7045
=== Iteration 54/200 ===
13:24:03 INFO: Score: -inf | norm_hpwl: inf
=== Iteration 55/200 ===
13:24:33 INFO: Stage 0 passed: PlacementResult(hpwl=4.377e+06, overflow=0.3555, tns=0.000e+00, t=0.4s, div=0)
13:24:34 ERROR: possible DIVERGENCE detected, roll back to the best position recorded
13:24:34 INFO: Stage 1 passed: PlacementResult(hpwl=3.810e+06, overflow=0.2717, tns=0.000e+00, t=1.1s, div=0)
13:24:34 ERROR: possible DIVERGENCE detected, roll back to the best position recorded
13:24:34 INFO: Stage 2 passed: PlacementResult(hpwl=3.709e+06, overflow=0.2710, tns=0.000e+00, t=0.4s, div=0)
13:24:34 INFO: Score: -inf | norm_hpwl: inf
=== Iteration 56/200 ===
13:24:57 INFO: Stage 0 passed: PlacementResult(hpwl=5.273e+06, overflow=0.3638, tns=0.000e+00, t=0.4s, div=0)
13:24:57 ERROR: possible DIVERGENCE detected, roll back to the best position recorded
13:24:57 INFO: Stage 1 passed: PlacementResult(hpwl=4.517e+06, overflow=0.2676, tns=0.000e+00, t=0.4s, div=0)
13:24:58 ERROR: possible DIVERGENCE detected, roll back to the best position recorded
13:24:58 INFO: Stage 2 passed: PlacementResult(hpwl=4.507e+06, overflow=0.2657, tns=0.000e+00, t=0.6s, div=0)
13:24:58 INFO: Score: -inf | norm_hpwl: inf
=== Iteration 57/200 ===
13:25:15 INFO: Stage 0 passed: PlacementResult(hpwl=5.013e+06, overflow=0.3647, tns=0.000e+00, t=0.4s, div=0)
13:25:15 ERROR: possible DIVERGENCE detected, roll back to the best position recorded
13:25:15 INFO: Stage 1 passed: PlacementResult(hpwl=4.447e+06, overflow=0.2684, tns=0.000e+00, t=0.4s, div=0)
13:25:16 ERROR: possible DIVERGENCE detected, roll back to the best position recorded
13:25:16 INFO: Stage 2 passed: PlacementResult(hpwl=4.443e+06, overflow=0.2720, tns=0.000e+00, t=0.4s, div=0)
13:25:16 INFO: Score: -inf | norm_hpwl: inf
=== Iteration 58/200 ===
13:25:46 INFO: Stage 0 passed: PlacementResult(hpwl=7.419e+06, overflow=0.3504, tns=0.000e+00, t=0.4s, div=0)
13:25:46 ERROR: possible DIVERGENCE detected, roll back to the best position recorded
13:25:46 INFO: Stage 1 passed: PlacementResult(hpwl=6.907e+06, overflow=0.2705, tns=0.000e+00, t=0.6s, div=0)
13:25:47 ERROR: possible DIVERGENCE detected, roll back to the best position recorded
13:25:47 INFO: Stage 2 passed: PlacementResult(hpwl=6.818e+06, overflow=0.2676, tns=0.000e+00, t=0.4s, div=0)
13:25:47 INFO: Score: -inf | norm_hpwl: inf
=== Iteration 59/200 ===
13:26:07 INFO: Stage 0 passed: PlacementResult(hpwl=7.687e+06, overflow=0.3262, tns=0.000e+00, t=0.4s, div=0)
13:26:07 ERROR: possible DIVERGENCE detected, roll back to the best position recorded
13:26:07 INFO: Score: -inf | norm_hpwl: inf
=== Iteration 60/200 ===
13:26:42 INFO: Stage 0 passed: PlacementResult(hpwl=6.307e+06, overflow=0.3576, tns=0.000e+00, t=0.4s, div=0)
13:26:43 ERROR: possible DIVERGENCE detected, roll back to the best position recorded
13:26:43 INFO: Stage 1 passed: PlacementResult(hpwl=5.208e+06, overflow=0.2684, tns=0.000e+00, t=0.7s, div=0)
13:26:43 ERROR: possible DIVERGENCE detected, roll back to the best position recorded
13:26:44 INFO: Stage 2 passed: PlacementResult(hpwl=5.281e+06, overflow=0.2687, tns=0.000e+00, t=0.4s, div=0)
13:26:44 INFO: Score: -inf | norm_hpwl: inf
=== Iteration 61/200 ===
13:27:01 INFO: Stage 0 passed: PlacementResult(hpwl=3.736e+06, overflow=0.3722, tns=0.000e+00, t=0.4s, div=0)
13:27:02 INFO: Stage 1 passed: PlacementResult(hpwl=2.710e+06, overflow=0.1538, tns=0.000e+00, t=0.9s, div=0)
13:27:07 INFO: Stage 2 passed: PlacementResult(hpwl=2.684e+06, overflow=0.1003, tns=0.000e+00, t=4.6s, div=0)
13:27:07 INFO: Score: -1.2295 | norm_hpwl: 1.2295
=== Iteration 62/200 ===
13:27:21 INFO: Stage 0 passed: PlacementResult(hpwl=7.583e+06, overflow=0.3488, tns=0.000e+00, t=0.4s, div=0)
13:27:22 INFO: Stage 1 passed: PlacementResult(hpwl=6.238e+06, overflow=0.0974, tns=0.000e+00, t=1.1s, div=0)
13:27:23 INFO: Stage 2 passed: PlacementResult(hpwl=1.635e+07, overflow=0.3158, tns=0.000e+00, t=0.8s, div=0)
13:27:23 INFO: Score: -inf | norm_hpwl: inf
=== Iteration 63/200 ===
13:27:38 INFO: Stage 0 passed: PlacementResult(hpwl=5.297e+06, overflow=0.3739, tns=0.000e+00, t=0.4s, div=0)
13:27:38 ERROR: possible DIVERGENCE detected, roll back to the best position recorded
13:27:38 INFO: Stage 1 passed: PlacementResult(hpwl=4.422e+06, overflow=0.2711, tns=0.000e+00, t=0.6s, div=0)
13:27:43 INFO: Stage 2 passed: PlacementResult(hpwl=3.886e+06, overflow=0.0999, tns=0.000e+00, t=4.8s, div=0)
13:27:43 INFO: Score: -1.7803 | norm_hpwl: 1.7803
=== Iteration 64/200 ===
13:28:05 INFO: Stage 0 passed: PlacementResult(hpwl=3.546e+06, overflow=0.3780, tns=0.000e+00, t=0.4s, div=0)
13:28:06 INFO: Stage 1 passed: PlacementResult(hpwl=2.453e+06, overflow=0.2205, tns=0.000e+00, t=1.4s, div=0)
13:28:11 INFO: Stage 2 passed: PlacementResult(hpwl=2.411e+06, overflow=0.1188, tns=0.000e+00, t=5.0s, div=0)
13:28:11 INFO: Score: -1.1045 | norm_hpwl: 1.1045
=== Iteration 65/200 ===
13:28:27 INFO: Stage 0 passed: PlacementResult(hpwl=4.323e+06, overflow=0.3792, tns=0.000e+00, t=0.4s, div=0)
13:28:28 INFO: Stage 1 passed: PlacementResult(hpwl=2.440e+06, overflow=0.3048, tns=0.000e+00, t=1.0s, div=0)
13:28:33 INFO: Stage 2 passed: PlacementResult(hpwl=2.131e+06, overflow=0.3529, tns=0.000e+00, t=5.1s, div=0)
13:28:33 INFO: Score: -inf | norm_hpwl: inf
=== Iteration 66/200 ===
13:29:01 INFO: Score: -inf | norm_hpwl: inf
=== Iteration 67/200 ===
13:29:30 INFO: Stage 0 passed: PlacementResult(hpwl=4.105e+06, overflow=0.3350, tns=0.000e+00, t=0.4s, div=0)
13:29:30 ERROR: possible DIVERGENCE detected, roll back to the best position recorded
13:29:30 INFO: Stage 1 passed: PlacementResult(hpwl=3.530e+06, overflow=0.2726, tns=0.000e+00, t=0.4s, div=0)
13:29:31 ERROR: possible DIVERGENCE detected, roll back to the best position recorded
13:29:31 INFO: Stage 2 passed: PlacementResult(hpwl=3.736e+06, overflow=0.2672, tns=0.000e+00, t=0.6s, div=0)
13:29:31 INFO: Score: -inf | norm_hpwl: inf
=== Iteration 68/200 ===
13:29:46 INFO: Stage 0 passed: PlacementResult(hpwl=4.427e+06, overflow=0.3659, tns=0.000e+00, t=0.4s, div=0)
13:29:47 ERROR: possible DIVERGENCE detected, roll back to the best position recorded
13:29:47 INFO: Stage 1 passed: PlacementResult(hpwl=3.722e+06, overflow=0.2717, tns=0.000e+00, t=0.5s, div=0)
13:29:47 ERROR: possible DIVERGENCE detected, roll back to the best position recorded
13:29:47 INFO: Stage 2 passed: PlacementResult(hpwl=3.708e+06, overflow=0.2741, tns=0.000e+00, t=0.4s, div=0)
13:29:47 INFO: Score: -inf | norm_hpwl: inf
=== Iteration 69/200 ===
13:30:05 INFO: Stage 0 passed: PlacementResult(hpwl=4.338e+06, overflow=0.3703, tns=0.000e+00, t=0.4s, div=0)
13:30:05 ERROR: possible DIVERGENCE detected, roll back to the best position recorded
13:30:05 INFO: Stage 1 passed: PlacementResult(hpwl=3.625e+06, overflow=0.2727, tns=0.000e+00, t=0.4s, div=0)
13:30:06 ERROR: possible DIVERGENCE detected, roll back to the best position recorded
13:30:06 INFO: Stage 2 passed: PlacementResult(hpwl=3.575e+06, overflow=0.2707, tns=0.000e+00, t=0.7s, div=0)
13:30:06 INFO: Score: -inf | norm_hpwl: inf
=== Iteration 70/200 ===
13:30:23 INFO: Stage 0 passed: PlacementResult(hpwl=6.271e+06, overflow=0.3542, tns=0.000e+00, t=0.4s, div=0)
13:30:24 ERROR: possible DIVERGENCE detected, roll back to the best position recorded
13:30:24 INFO: Stage 1 passed: PlacementResult(hpwl=5.751e+06, overflow=0.2705, tns=0.000e+00, t=0.5s, div=0)
13:30:24 ERROR: possible DIVERGENCE detected, roll back to the best position recorded
13:30:24 INFO: Stage 2 passed: PlacementResult(hpwl=5.885e+06, overflow=0.2734, tns=0.000e+00, t=0.5s, div=0)
13:30:24 INFO: Score: -inf | norm_hpwl: inf
=== Iteration 71/200 ===
13:30:49 INFO: Stage 0 passed: PlacementResult(hpwl=3.357e+06, overflow=0.3499, tns=0.000e+00, t=0.4s, div=0)
13:30:50 INFO: Stage 1 passed: PlacementResult(hpwl=2.788e+06, overflow=0.0868, tns=0.000e+00, t=1.2s, div=0)
13:30:55 INFO: Stage 2 passed: PlacementResult(hpwl=2.881e+06, overflow=0.0827, tns=0.000e+00, t=4.8s, div=0)
13:30:55 INFO: Score: -1.3199 | norm_hpwl: 1.3199
=== Iteration 72/200 ===
13:31:12 INFO: Stage 0 passed: PlacementResult(hpwl=5.703e+06, overflow=0.3982, tns=0.000e+00, t=0.4s, div=0)
13:31:14 INFO: Stage 1 passed: PlacementResult(hpwl=2.169e+06, overflow=0.3548, tns=0.000e+00, t=1.4s, div=0)
13:31:19 INFO: Stage 2 passed: PlacementResult(hpwl=2.113e+06, overflow=0.3520, tns=0.000e+00, t=4.8s, div=0)
13:31:19 INFO: Score: -inf | norm_hpwl: inf
=== Iteration 73/200 ===
13:31:45 INFO: Score: -inf | norm_hpwl: inf
=== Iteration 74/200 ===
13:32:06 INFO: Stage 0 passed: PlacementResult(hpwl=3.802e+06, overflow=0.3699, tns=0.000e+00, t=0.5s, div=0)
13:32:08 INFO: Stage 1 passed: PlacementResult(hpwl=2.727e+06, overflow=0.1583, tns=0.000e+00, t=1.8s, div=0)
13:32:18 INFO: Stage 2 passed: PlacementResult(hpwl=2.740e+06, overflow=0.0996, tns=0.000e+00, t=10.0s, div=0)
13:32:18 INFO: Score: -1.2552 | norm_hpwl: 1.2552
=== Iteration 75/200 ===
13:32:45 INFO: Stage 0 passed: PlacementResult(hpwl=3.745e+06, overflow=0.3736, tns=0.000e+00, t=0.4s, div=0)
13:32:46 INFO: Stage 1 passed: PlacementResult(hpwl=2.607e+06, overflow=0.2035, tns=0.000e+00, t=1.0s, div=0)
13:32:51 INFO: Stage 2 passed: PlacementResult(hpwl=2.450e+06, overflow=0.1896, tns=0.000e+00, t=4.8s, div=0)
13:32:51 INFO: Score: -inf | norm_hpwl: inf
=== Iteration 76/200 ===
13:33:25 INFO: Stage 0 passed: PlacementResult(hpwl=5.591e+06, overflow=0.3852, tns=0.000e+00, t=0.6s, div=0)
13:33:27 INFO: Stage 1 passed: PlacementResult(hpwl=3.705e+06, overflow=0.0857, tns=0.000e+00, t=1.6s, div=0)
13:33:36 INFO: Stage 2 passed: PlacementResult(hpwl=3.822e+06, overflow=0.0822, tns=0.000e+00, t=9.1s, div=0)
13:33:36 INFO: Score: -1.7512 | norm_hpwl: 1.7512
=== Iteration 77/200 ===
13:33:51 INFO: Stage 0 passed: PlacementResult(hpwl=3.363e+06, overflow=0.3743, tns=0.000e+00, t=0.6s, div=0)
13:33:52 INFO: Stage 1 passed: PlacementResult(hpwl=2.517e+06, overflow=0.1688, tns=0.000e+00, t=1.8s, div=0)
13:34:02 INFO: Stage 2 passed: PlacementResult(hpwl=2.552e+06, overflow=0.0828, tns=0.000e+00, t=9.1s, div=0)
13:34:02 INFO: Score: -1.1691 | norm_hpwl: 1.1691
=== Iteration 78/200 ===
13:34:32 INFO: Score: -inf | norm_hpwl: inf
=== Iteration 79/200 ===
13:34:52 INFO: Stage 0 passed: PlacementResult(hpwl=3.599e+06, overflow=0.3746, tns=0.000e+00, t=0.5s, div=0)
13:34:54 INFO: Stage 1 passed: PlacementResult(hpwl=2.612e+06, overflow=0.1421, tns=0.000e+00, t=1.8s, div=0)
13:35:05 INFO: Stage 2 passed: PlacementResult(hpwl=2.676e+06, overflow=0.0826, tns=0.000e+00, t=11.5s, div=0)
13:35:05 INFO: Score: -1.2261 | norm_hpwl: 1.2261
=== Iteration 80/200 ===
13:35:23 INFO: Stage 0 passed: PlacementResult(hpwl=4.366e+06, overflow=0.3697, tns=0.000e+00, t=0.5s, div=0)
13:35:23 ERROR: possible DIVERGENCE detected, roll back to the best position recorded
13:35:24 INFO: Stage 1 passed: PlacementResult(hpwl=3.467e+06, overflow=0.2696, tns=0.000e+00, t=0.7s, div=0)
13:35:33 INFO: Stage 2 passed: PlacementResult(hpwl=3.078e+06, overflow=0.0824, tns=0.000e+00, t=9.2s, div=0)
13:35:33 INFO: Score: -1.4100 | norm_hpwl: 1.4100
=== Iteration 81/200 ===
13:36:02 INFO: Stage 0 passed: PlacementResult(hpwl=3.543e+06, overflow=0.3714, tns=0.000e+00, t=0.4s, div=0)
13:36:04 INFO: Stage 1 passed: PlacementResult(hpwl=2.581e+06, overflow=0.1547, tns=0.000e+00, t=1.7s, div=0)
13:36:15 INFO: Stage 2 passed: PlacementResult(hpwl=2.621e+06, overflow=0.1005, tns=0.000e+00, t=10.6s, div=0)
13:36:15 INFO: Score: -1.2009 | norm_hpwl: 1.2009
=== Iteration 82/200 ===
13:36:33 INFO: Stage 0 passed: PlacementResult(hpwl=5.575e+06, overflow=0.3744, tns=0.000e+00, t=0.6s, div=0)
13:36:35 INFO: Stage 1 passed: PlacementResult(hpwl=3.727e+06, overflow=0.0891, tns=0.000e+00, t=1.8s, div=0)
13:36:45 INFO: Stage 2 passed: PlacementResult(hpwl=3.865e+06, overflow=0.0828, tns=0.000e+00, t=10.0s, div=0)
13:36:45 INFO: Score: -1.7707 | norm_hpwl: 1.7707
=== Iteration 83/200 ===
13:36:59 INFO: Score: -inf | norm_hpwl: inf
=== Iteration 84/200 ===
13:37:18 INFO: Stage 0 passed: PlacementResult(hpwl=7.562e+06, overflow=0.3614, tns=0.000e+00, t=0.4s, div=0)
13:37:18 INFO: Score: -inf | norm_hpwl: inf
=== Iteration 85/200 ===
13:37:40 INFO: Stage 0 passed: PlacementResult(hpwl=3.977e+06, overflow=0.3710, tns=0.000e+00, t=0.5s, div=0)
13:37:41 INFO: Stage 1 passed: PlacementResult(hpwl=2.816e+06, overflow=0.1403, tns=0.000e+00, t=0.9s, div=0)
13:37:45 INFO: Stage 2 passed: PlacementResult(hpwl=2.857e+06, overflow=0.0821, tns=0.000e+00, t=4.3s, div=0)
13:37:45 INFO: Score: -1.3088 | norm_hpwl: 1.3088
=== Iteration 86/200 ===
13:37:57 INFO: Stage 0 passed: PlacementResult(hpwl=4.822e+06, overflow=0.3647, tns=0.000e+00, t=0.4s, div=0)
13:37:58 ERROR: possible DIVERGENCE detected, roll back to the best position recorded
13:37:58 INFO: Stage 1 passed: PlacementResult(hpwl=4.027e+06, overflow=0.2670, tns=0.000e+00, t=0.4s, div=0)
13:37:58 ERROR: possible DIVERGENCE detected, roll back to the best position recorded
13:37:58 INFO: Stage 2 passed: PlacementResult(hpwl=4.102e+06, overflow=0.2679, tns=0.000e+00, t=0.4s, div=0)
13:37:58 INFO: Score: -inf | norm_hpwl: inf
=== Iteration 87/200 ===
13:38:14 INFO: Score: -inf | norm_hpwl: inf
=== Iteration 88/200 ===
13:38:46 INFO: Stage 0 passed: PlacementResult(hpwl=3.072e+06, overflow=0.3745, tns=0.000e+00, t=0.4s, div=0)
13:38:47 INFO: Stage 1 passed: PlacementResult(hpwl=2.191e+06, overflow=0.3546, tns=0.000e+00, t=1.0s, div=0)
13:38:52 INFO: Stage 2 passed: PlacementResult(hpwl=2.120e+06, overflow=0.3528, tns=0.000e+00, t=5.0s, div=0)
13:38:52 INFO: Score: -inf | norm_hpwl: inf
=== Iteration 89/200 ===
13:39:17 INFO: Stage 0 passed: PlacementResult(hpwl=5.011e+06, overflow=0.3638, tns=0.000e+00, t=0.4s, div=0)
13:39:17 ERROR: possible DIVERGENCE detected, roll back to the best position recorded
13:39:17 INFO: Stage 1 passed: PlacementResult(hpwl=4.329e+06, overflow=0.2678, tns=0.000e+00, t=0.4s, div=0)
13:39:17 ERROR: possible DIVERGENCE detected, roll back to the best position recorded
13:39:17 INFO: Stage 2 passed: PlacementResult(hpwl=4.453e+06, overflow=0.2687, tns=0.000e+00, t=0.4s, div=0)
13:39:17 INFO: Score: -inf | norm_hpwl: inf
=== Iteration 90/200 ===
13:39:43 INFO: Score: -inf | norm_hpwl: inf
=== Iteration 91/200 ===
13:40:02 INFO: Stage 0 passed: PlacementResult(hpwl=2.794e+06, overflow=0.3799, tns=0.000e+00, t=0.8s, div=0)
13:40:03 INFO: Stage 1 passed: PlacementResult(hpwl=2.181e+06, overflow=0.3540, tns=0.000e+00, t=0.9s, div=0)
13:40:07 INFO: Stage 2 passed: PlacementResult(hpwl=2.126e+06, overflow=0.3521, tns=0.000e+00, t=4.9s, div=0)
13:40:07 INFO: Score: -inf | norm_hpwl: inf
=== Iteration 92/200 ===
13:40:38 INFO: Stage 0 passed: PlacementResult(hpwl=4.423e+06, overflow=0.3653, tns=0.000e+00, t=0.5s, div=0)
13:40:39 ERROR: possible DIVERGENCE detected, roll back to the best position recorded
13:40:39 INFO: Stage 1 passed: PlacementResult(hpwl=3.728e+06, overflow=0.2702, tns=0.000e+00, t=0.6s, div=0)
13:40:39 ERROR: possible DIVERGENCE detected, roll back to the best position recorded
13:40:39 INFO: Stage 2 passed: PlacementResult(hpwl=3.770e+06, overflow=0.2743, tns=0.000e+00, t=0.6s, div=0)
13:40:39 INFO: Score: -inf | norm_hpwl: inf
=== Iteration 93/200 ===
13:41:11 INFO: Score: -inf | norm_hpwl: inf
=== Iteration 94/200 ===
13:41:40 INFO: Stage 0 passed: PlacementResult(hpwl=3.327e+06, overflow=0.3721, tns=0.000e+00, t=0.5s, div=0)
13:41:41 INFO: Stage 1 passed: PlacementResult(hpwl=2.241e+06, overflow=0.3567, tns=0.000e+00, t=1.2s, div=0)
13:41:49 INFO: Stage 2 passed: PlacementResult(hpwl=2.149e+06, overflow=0.3530, tns=0.000e+00, t=7.7s, div=0)
13:41:49 INFO: Score: -inf | norm_hpwl: inf
=== Iteration 95/200 ===
13:42:09 INFO: Score: -inf | norm_hpwl: inf
=== Iteration 96/200 ===
13:42:29 INFO: Stage 0 passed: PlacementResult(hpwl=6.546e+06, overflow=0.3468, tns=0.000e+00, t=0.4s, div=0)
13:42:29 ERROR: possible DIVERGENCE detected, roll back to the best position recorded
13:42:29 INFO: Stage 1 passed: PlacementResult(hpwl=6.515e+06, overflow=0.2703, tns=0.000e+00, t=0.5s, div=0)
13:42:30 ERROR: possible DIVERGENCE detected, roll back to the best position recorded
13:42:30 INFO: Stage 2 passed: PlacementResult(hpwl=6.615e+06, overflow=0.2716, tns=0.000e+00, t=0.6s, div=0)
13:42:30 INFO: Score: -inf | norm_hpwl: inf
=== Iteration 97/200 ===
13:42:47 INFO: Stage 0 passed: PlacementResult(hpwl=2.944e+06, overflow=0.3677, tns=0.000e+00, t=0.7s, div=0)
13:42:49 INFO: Stage 1 passed: PlacementResult(hpwl=2.330e+06, overflow=0.2164, tns=0.000e+00, t=1.8s, div=0)
13:42:58 INFO: Stage 2 passed: PlacementResult(hpwl=2.383e+06, overflow=0.0835, tns=0.000e+00, t=9.7s, div=0)
13:42:58 INFO: Score: -1.0917 | norm_hpwl: 1.0917
=== Iteration 98/200 ===
13:43:25 INFO: Stage 0 passed: PlacementResult(hpwl=5.578e+06, overflow=0.3747, tns=0.000e+00, t=0.6s, div=0)
13:43:27 INFO: Stage 1 passed: PlacementResult(hpwl=4.097e+06, overflow=0.0850, tns=0.000e+00, t=1.5s, div=0)
13:43:37 INFO: Stage 2 passed: PlacementResult(hpwl=4.077e+06, overflow=0.0827, tns=0.000e+00, t=10.3s, div=0)
13:43:37 INFO: Score: -1.8679 | norm_hpwl: 1.8679
=== Iteration 99/200 ===
13:44:06 INFO: Stage 0 passed: PlacementResult(hpwl=4.216e+06, overflow=0.3655, tns=0.000e+00, t=0.6s, div=0)
13:44:06 ERROR: possible DIVERGENCE detected, roll back to the best position recorded
13:44:07 INFO: Stage 1 passed: PlacementResult(hpwl=3.639e+06, overflow=0.2757, tns=0.000e+00, t=0.7s, div=0)
13:44:07 ERROR: possible DIVERGENCE detected, roll back to the best position recorded
13:44:07 INFO: Stage 2 passed: PlacementResult(hpwl=3.573e+06, overflow=0.2725, tns=0.000e+00, t=0.4s, div=0)
13:44:07 INFO: Score: -inf | norm_hpwl: inf
=== Iteration 100/200 ===
13:44:34 INFO: Score: -inf | norm_hpwl: inf
=== Iteration 101/200 ===
13:44:54 INFO: Score: -inf | norm_hpwl: inf
=== Iteration 102/200 ===
13:45:27 INFO: Stage 0 passed: PlacementResult(hpwl=4.243e+06, overflow=0.3385, tns=0.000e+00, t=0.5s, div=0)
13:45:28 ERROR: possible DIVERGENCE detected, roll back to the best position recorded
13:45:28 INFO: Stage 1 passed: PlacementResult(hpwl=3.972e+06, overflow=0.2724, tns=0.000e+00, t=0.6s, div=0)
13:45:28 ERROR: possible DIVERGENCE detected, roll back to the best position recorded
13:45:28 INFO: Stage 2 passed: PlacementResult(hpwl=3.684e+06, overflow=0.2717, tns=0.000e+00, t=0.4s, div=0)
13:45:28 INFO: Score: -inf | norm_hpwl: inf
=== Iteration 103/200 ===
13:45:55 INFO: Stage 0 passed: PlacementResult(hpwl=3.374e+06, overflow=0.3719, tns=0.000e+00, t=0.4s, div=0)
13:45:57 INFO: Stage 1 passed: PlacementResult(hpwl=2.419e+06, overflow=0.1800, tns=0.000e+00, t=2.1s, div=0)
13:46:05 INFO: Stage 2 passed: PlacementResult(hpwl=2.411e+06, overflow=0.1307, tns=0.000e+00, t=7.6s, div=0)
13:46:05 INFO: Score: -inf | norm_hpwl: inf
=== Iteration 104/200 ===
13:46:23 INFO: Stage 0 passed: PlacementResult(hpwl=4.765e+06, overflow=0.3766, tns=0.000e+00, t=0.4s, div=0)
13:46:24 INFO: Stage 1 passed: PlacementResult(hpwl=3.113e+06, overflow=0.1117, tns=0.000e+00, t=0.9s, div=0)
13:46:29 INFO: Stage 2 passed: PlacementResult(hpwl=3.156e+06, overflow=0.0824, tns=0.000e+00, t=4.7s, div=0)
13:46:29 INFO: Score: -1.4459 | norm_hpwl: 1.4459
=== Iteration 105/200 ===
13:46:48 INFO: Stage 0 passed: PlacementResult(hpwl=3.167e+06, overflow=0.3698, tns=0.000e+00, t=0.4s, div=0)
13:46:49 INFO: Stage 1 passed: PlacementResult(hpwl=2.289e+06, overflow=0.3246, tns=0.000e+00, t=1.0s, div=0)
13:46:54 INFO: Stage 2 passed: PlacementResult(hpwl=2.132e+06, overflow=0.3528, tns=0.000e+00, t=4.6s, div=0)
13:46:54 INFO: Score: -inf | norm_hpwl: inf
=== Iteration 106/200 ===
13:47:15 INFO: Stage 0 passed: PlacementResult(hpwl=3.760e+06, overflow=0.3726, tns=0.000e+00, t=0.4s, div=0)
13:47:16 INFO: Stage 1 passed: PlacementResult(hpwl=2.730e+06, overflow=0.1366, tns=0.000e+00, t=1.0s, div=0)
13:47:21 INFO: Stage 2 passed: PlacementResult(hpwl=2.791e+06, overflow=0.0825, tns=0.000e+00, t=4.8s, div=0)
13:47:21 INFO: Score: -1.2788 | norm_hpwl: 1.2788
=== Iteration 107/200 ===
13:47:40 INFO: Stage 0 passed: PlacementResult(hpwl=4.013e+06, overflow=0.3685, tns=0.000e+00, t=0.4s, div=0)
13:47:41 ERROR: possible DIVERGENCE detected, roll back to the best position recorded
13:47:41 INFO: Stage 1 passed: PlacementResult(hpwl=3.288e+06, overflow=0.2746, tns=0.000e+00, t=0.4s, div=0)
13:47:41 ERROR: possible DIVERGENCE detected, roll back to the best position recorded
13:47:41 INFO: Stage 2 passed: PlacementResult(hpwl=3.288e+06, overflow=0.2711, tns=0.000e+00, t=0.4s, div=0)
13:47:41 INFO: Score: -inf | norm_hpwl: inf
=== Iteration 108/200 ===
13:47:59 INFO: Score: -inf | norm_hpwl: inf
=== Iteration 109/200 ===
13:48:24 INFO: Stage 0 passed: PlacementResult(hpwl=3.838e+06, overflow=0.3747, tns=0.000e+00, t=0.4s, div=0)
13:48:25 INFO: Stage 1 passed: PlacementResult(hpwl=2.711e+06, overflow=0.1495, tns=0.000e+00, t=1.1s, div=0)
13:48:30 INFO: Stage 2 passed: PlacementResult(hpwl=2.820e+06, overflow=0.0831, tns=0.000e+00, t=5.2s, div=0)
13:48:30 INFO: Score: -1.2919 | norm_hpwl: 1.2919
=== Iteration 110/200 ===
13:48:53 INFO: Stage 0 passed: PlacementResult(hpwl=5.043e+06, overflow=0.3656, tns=0.000e+00, t=0.4s, div=0)
13:48:54 ERROR: possible DIVERGENCE detected, roll back to the best position recorded
13:48:54 INFO: Stage 1 passed: PlacementResult(hpwl=4.613e+06, overflow=0.2732, tns=0.000e+00, t=0.9s, div=0)
13:48:54 ERROR: possible DIVERGENCE detected, roll back to the best position recorded
13:48:54 INFO: Stage 2 passed: PlacementResult(hpwl=4.362e+06, overflow=0.2715, tns=0.000e+00, t=0.4s, div=0)
13:48:54 INFO: Score: -inf | norm_hpwl: inf
=== Iteration 111/200 ===
13:49:13 INFO: Score: -inf | norm_hpwl: inf
=== Iteration 112/200 ===
13:49:35 INFO: Stage 0 passed: PlacementResult(hpwl=7.890e+06, overflow=0.3522, tns=0.000e+00, t=0.4s, div=0)
13:49:36 INFO: Stage 1 passed: PlacementResult(hpwl=6.974e+06, overflow=0.0842, tns=0.000e+00, t=1.2s, div=0)
13:49:41 INFO: Stage 2 passed: PlacementResult(hpwl=7.040e+06, overflow=0.0824, tns=0.000e+00, t=4.2s, div=0)
13:49:41 INFO: Score: -3.2253 | norm_hpwl: 3.2253
=== Iteration 113/200 ===
13:50:00 INFO: Stage 0 passed: PlacementResult(hpwl=3.765e+06, overflow=0.3711, tns=0.000e+00, t=0.4s, div=0)
13:50:00 INFO: Stage 1 passed: PlacementResult(hpwl=2.581e+06, overflow=0.1946, tns=0.000e+00, t=0.9s, div=0)
13:50:05 INFO: Stage 2 passed: PlacementResult(hpwl=2.521e+06, overflow=0.1623, tns=0.000e+00, t=4.9s, div=0)
13:50:05 INFO: Score: -inf | norm_hpwl: inf
=== Iteration 114/200 ===
13:50:31 INFO: Stage 0 passed: PlacementResult(hpwl=3.396e+06, overflow=0.3741, tns=0.000e+00, t=0.4s, div=0)
13:50:32 INFO: Stage 1 passed: PlacementResult(hpwl=2.509e+06, overflow=0.2320, tns=0.000e+00, t=1.0s, div=0)
13:50:38 INFO: Stage 2 passed: PlacementResult(hpwl=2.259e+06, overflow=0.2595, tns=0.000e+00, t=5.3s, div=0)
13:50:38 INFO: Score: -inf | norm_hpwl: inf
=== Iteration 115/200 ===
13:51:11 INFO: Stage 0 passed: PlacementResult(hpwl=4.477e+06, overflow=0.3603, tns=0.000e+00, t=0.4s, div=0)
13:51:11 ERROR: possible DIVERGENCE detected, roll back to the best position recorded
13:51:11 INFO: Stage 1 passed: PlacementResult(hpwl=3.889e+06, overflow=0.2743, tns=0.000e+00, t=0.4s, div=0)
13:51:11 ERROR: possible DIVERGENCE detected, roll back to the best position recorded
13:51:11 INFO: Stage 2 passed: PlacementResult(hpwl=3.932e+06, overflow=0.2699, tns=0.000e+00, t=0.4s, div=0)
13:51:11 INFO: Score: -inf | norm_hpwl: inf
=== Iteration 116/200 ===
13:51:29 INFO: Stage 0 passed: PlacementResult(hpwl=4.679e+06, overflow=0.3583, tns=0.000e+00, t=0.5s, div=0)
13:51:30 ERROR: possible DIVERGENCE detected, roll back to the best position recorded
13:51:30 INFO: Stage 1 passed: PlacementResult(hpwl=4.159e+06, overflow=0.2752, tns=0.000e+00, t=0.5s, div=0)
13:51:30 ERROR: possible DIVERGENCE detected, roll back to the best position recorded
13:51:30 INFO: Stage 2 passed: PlacementResult(hpwl=4.106e+06, overflow=0.2715, tns=0.000e+00, t=0.4s, div=0)
13:51:30 INFO: Score: -inf | norm_hpwl: inf
=== Iteration 117/200 ===
13:51:55 INFO: Stage 0 passed: PlacementResult(hpwl=2.808e+06, overflow=0.3810, tns=0.000e+00, t=0.4s, div=0)
13:51:56 INFO: Stage 1 passed: PlacementResult(hpwl=2.171e+06, overflow=0.3554, tns=0.000e+00, t=1.1s, div=0)
13:52:01 INFO: Stage 2 passed: PlacementResult(hpwl=2.125e+06, overflow=0.3528, tns=0.000e+00, t=4.8s, div=0)
13:52:01 INFO: Score: -inf | norm_hpwl: inf
=== Iteration 118/200 ===
13:52:26 INFO: Stage 0 passed: PlacementResult(hpwl=3.255e+06, overflow=0.3712, tns=0.000e+00, t=0.4s, div=0)
13:52:27 INFO: Stage 1 passed: PlacementResult(hpwl=2.465e+06, overflow=0.1692, tns=0.000e+00, t=1.1s, div=0)
13:52:32 INFO: Stage 2 passed: PlacementResult(hpwl=2.528e+06, overflow=0.0829, tns=0.000e+00, t=4.9s, div=0)
13:52:32 INFO: Score: -1.1583 | norm_hpwl: 1.1583
=== Iteration 119/200 ===
13:52:47 INFO: Stage 0 passed: PlacementResult(hpwl=2.897e+06, overflow=0.3809, tns=0.000e+00, t=0.4s, div=0)
13:52:48 INFO: Stage 1 passed: PlacementResult(hpwl=2.192e+06, overflow=0.3537, tns=0.000e+00, t=0.9s, div=0)
13:52:53 INFO: Stage 2 passed: PlacementResult(hpwl=2.115e+06, overflow=0.3524, tns=0.000e+00, t=5.3s, div=0)
13:52:53 INFO: Score: -inf | norm_hpwl: inf
=== Iteration 120/200 ===
13:53:12 INFO: Score: -inf | norm_hpwl: inf
=== Iteration 121/200 ===
13:53:25 INFO: Stage 0 passed: PlacementResult(hpwl=4.430e+06, overflow=0.3714, tns=0.000e+00, t=0.4s, div=0)
13:53:25 ERROR: possible DIVERGENCE detected, roll back to the best position recorded
13:53:25 INFO: Stage 1 passed: PlacementResult(hpwl=3.681e+06, overflow=0.2724, tns=0.000e+00, t=0.4s, div=0)
13:53:26 ERROR: possible DIVERGENCE detected, roll back to the best position recorded
13:53:26 INFO: Stage 2 passed: PlacementResult(hpwl=3.613e+06, overflow=0.2710, tns=0.000e+00, t=0.4s, div=0)
13:53:26 INFO: Score: -inf | norm_hpwl: inf
=== Iteration 122/200 ===
13:53:46 INFO: Stage 0 passed: PlacementResult(hpwl=4.429e+06, overflow=0.3703, tns=0.000e+00, t=0.4s, div=0)
13:53:47 ERROR: possible DIVERGENCE detected, roll back to the best position recorded
13:53:47 INFO: Stage 1 passed: PlacementResult(hpwl=3.533e+06, overflow=0.2728, tns=0.000e+00, t=0.4s, div=0)
13:53:47 ERROR: possible DIVERGENCE detected, roll back to the best position recorded
13:53:47 INFO: Stage 2 passed: PlacementResult(hpwl=3.608e+06, overflow=0.2697, tns=0.000e+00, t=0.7s, div=0)
13:53:47 INFO: Score: -inf | norm_hpwl: inf
=== Iteration 123/200 ===
13:54:20 INFO: Stage 0 passed: PlacementResult(hpwl=3.545e+06, overflow=0.3727, tns=0.000e+00, t=0.4s, div=0)
13:54:21 INFO: Stage 1 passed: PlacementResult(hpwl=2.679e+06, overflow=0.1196, tns=0.000e+00, t=0.9s, div=0)
13:54:25 INFO: Stage 2 passed: PlacementResult(hpwl=2.703e+06, overflow=0.0823, tns=0.000e+00, t=4.9s, div=0)
13:54:25 INFO: Score: -1.2385 | norm_hpwl: 1.2385
=== Iteration 124/200 ===
13:54:45 INFO: Stage 0 passed: PlacementResult(hpwl=5.235e+06, overflow=0.3762, tns=0.000e+00, t=0.4s, div=0)
13:54:46 INFO: Stage 1 passed: PlacementResult(hpwl=2.809e+06, overflow=0.2207, tns=0.000e+00, t=1.0s, div=0)
13:54:51 INFO: Stage 2 passed: PlacementResult(hpwl=2.371e+06, overflow=0.2220, tns=0.000e+00, t=5.0s, div=0)
13:54:51 INFO: Score: -inf | norm_hpwl: inf
=== Iteration 125/200 ===
13:55:07 INFO: Stage 0 passed: PlacementResult(hpwl=3.581e+06, overflow=0.3750, tns=0.000e+00, t=0.4s, div=0)
13:55:08 INFO: Stage 1 passed: PlacementResult(hpwl=2.656e+06, overflow=0.1261, tns=0.000e+00, t=1.0s, div=0)
13:55:13 INFO: Stage 2 passed: PlacementResult(hpwl=2.745e+06, overflow=0.0824, tns=0.000e+00, t=4.8s, div=0)
13:55:13 INFO: Score: -1.2575 | norm_hpwl: 1.2575
=== Iteration 126/200 ===
13:55:32 INFO: Stage 0 passed: PlacementResult(hpwl=9.531e+06, overflow=0.2900, tns=0.000e+00, t=0.4s, div=0)
13:55:33 INFO: Score: -inf | norm_hpwl: inf
=== Iteration 127/200 ===
13:55:51 INFO: Stage 0 passed: PlacementResult(hpwl=5.165e+06, overflow=0.3621, tns=0.000e+00, t=0.4s, div=0)
13:55:52 ERROR: possible DIVERGENCE detected, roll back to the best position recorded
13:55:52 INFO: Stage 1 passed: PlacementResult(hpwl=4.540e+06, overflow=0.2673, tns=0.000e+00, t=0.5s, div=0)
13:55:52 ERROR: possible DIVERGENCE detected, roll back to the best position recorded
13:55:52 INFO: Stage 2 passed: PlacementResult(hpwl=4.614e+06, overflow=0.2740, tns=0.000e+00, t=0.4s, div=0)
13:55:52 INFO: Score: -inf | norm_hpwl: inf
=== Iteration 128/200 ===
13:56:22 INFO: Score: -inf | norm_hpwl: inf
=== Iteration 129/200 ===
13:56:46 INFO: Stage 0 passed: PlacementResult(hpwl=5.114e+06, overflow=0.3472, tns=0.000e+00, t=0.4s, div=0)
13:56:46 ERROR: possible DIVERGENCE detected, roll back to the best position recorded
13:56:46 INFO: Stage 1 passed: PlacementResult(hpwl=4.344e+06, overflow=0.2664, tns=0.000e+00, t=0.4s, div=0)
13:56:47 ERROR: possible DIVERGENCE detected, roll back to the best position recorded
13:56:47 INFO: Stage 2 passed: PlacementResult(hpwl=4.572e+06, overflow=0.2704, tns=0.000e+00, t=0.4s, div=0)
13:56:47 INFO: Score: -inf | norm_hpwl: inf
=== Iteration 130/200 ===
13:57:05 INFO: Stage 0 passed: PlacementResult(hpwl=6.546e+06, overflow=0.3550, tns=0.000e+00, t=0.6s, div=0)
13:57:06 ERROR: possible DIVERGENCE detected, roll back to the best position recorded
13:57:06 INFO: Stage 1 passed: PlacementResult(hpwl=6.229e+06, overflow=0.2721, tns=0.000e+00, t=0.4s, div=0)
13:57:06 ERROR: possible DIVERGENCE detected, roll back to the best position recorded
13:57:06 INFO: Stage 2 passed: PlacementResult(hpwl=5.973e+06, overflow=0.2737, tns=0.000e+00, t=0.4s, div=0)
13:57:06 INFO: Score: -inf | norm_hpwl: inf
=== Iteration 131/200 ===
13:57:31 INFO: Stage 0 passed: PlacementResult(hpwl=3.687e+06, overflow=0.3798, tns=0.000e+00, t=0.4s, div=0)
13:57:32 INFO: Stage 1 passed: PlacementResult(hpwl=2.778e+06, overflow=0.0880, tns=0.000e+00, t=1.0s, div=0)
13:57:36 INFO: Stage 2 passed: PlacementResult(hpwl=2.892e+06, overflow=0.0823, tns=0.000e+00, t=4.3s, div=0)
13:57:36 INFO: Score: -1.3248 | norm_hpwl: 1.3248
=== Iteration 132/200 ===
13:58:09 INFO: Stage 0 passed: PlacementResult(hpwl=3.918e+06, overflow=0.3764, tns=0.000e+00, t=0.4s, div=0)
13:58:10 INFO: Stage 1 passed: PlacementResult(hpwl=2.727e+06, overflow=0.1732, tns=0.000e+00, t=0.9s, div=0)
13:58:14 INFO: Stage 2 passed: PlacementResult(hpwl=2.675e+06, overflow=0.1382, tns=0.000e+00, t=4.5s, div=0)
13:58:14 INFO: Score: -inf | norm_hpwl: inf
=== Iteration 133/200 ===
13:58:32 INFO: Score: -inf | norm_hpwl: inf
=== Iteration 134/200 ===
13:58:54 INFO: Stage 0 passed: PlacementResult(hpwl=4.527e+06, overflow=0.3679, tns=0.000e+00, t=0.4s, div=0)
13:58:55 ERROR: possible DIVERGENCE detected, roll back to the best position recorded
13:58:55 INFO: Stage 1 passed: PlacementResult(hpwl=3.677e+06, overflow=0.2726, tns=0.000e+00, t=0.5s, div=0)
13:58:55 ERROR: possible DIVERGENCE detected, roll back to the best position recorded
13:58:55 INFO: Stage 2 passed: PlacementResult(hpwl=3.701e+06, overflow=0.2722, tns=0.000e+00, t=0.4s, div=0)
13:58:55 INFO: Score: -inf | norm_hpwl: inf
=== Iteration 135/200 ===
13:59:15 INFO: Stage 0 passed: PlacementResult(hpwl=3.535e+06, overflow=0.3762, tns=0.000e+00, t=0.4s, div=0)
13:59:16 INFO: Stage 1 passed: PlacementResult(hpwl=2.542e+06, overflow=0.1629, tns=0.000e+00, t=0.9s, div=0)
13:59:19 INFO: Stage 2 passed: PlacementResult(hpwl=2.635e+06, overflow=0.0829, tns=0.000e+00, t=3.7s, div=0)
13:59:19 INFO: Score: -1.2071 | norm_hpwl: 1.2071
=== Iteration 136/200 ===
13:59:36 INFO: Score: -inf | norm_hpwl: inf
=== Iteration 137/200 ===
13:59:56 INFO: Stage 0 passed: PlacementResult(hpwl=5.114e+06, overflow=0.3592, tns=0.000e+00, t=0.4s, div=0)
13:59:56 ERROR: possible DIVERGENCE detected, roll back to the best position recorded
13:59:56 INFO: Stage 1 passed: PlacementResult(hpwl=4.428e+06, overflow=0.2659, tns=0.000e+00, t=0.4s, div=0)
13:59:56 ERROR: possible DIVERGENCE detected, roll back to the best position recorded
13:59:56 INFO: Stage 2 passed: PlacementResult(hpwl=4.350e+06, overflow=0.2704, tns=0.000e+00, t=0.4s, div=0)
13:59:56 INFO: Score: -inf | norm_hpwl: inf
=== Iteration 138/200 ===
14:00:16 INFO: Score: -inf | norm_hpwl: inf
=== Iteration 139/200 ===
14:00:32 INFO: Score: -inf | norm_hpwl: inf
=== Iteration 140/200 ===
14:00:53 INFO: Stage 0 passed: PlacementResult(hpwl=3.805e+06, overflow=0.3626, tns=0.000e+00, t=0.6s, div=0)
14:00:54 INFO: Stage 1 passed: PlacementResult(hpwl=2.995e+06, overflow=0.0856, tns=0.000e+00, t=0.9s, div=0)
14:00:58 INFO: Stage 2 passed: PlacementResult(hpwl=2.996e+06, overflow=0.0824, tns=0.000e+00, t=4.2s, div=0)
14:00:58 INFO: Score: -1.3725 | norm_hpwl: 1.3725
=== Iteration 141/200 ===
14:01:38 INFO: Stage 0 passed: PlacementResult(hpwl=3.267e+06, overflow=0.3546, tns=0.000e+00, t=0.4s, div=0)
14:01:38 ERROR: possible DIVERGENCE detected, roll back to the best position recorded
14:01:38 INFO: Stage 1 passed: PlacementResult(hpwl=2.939e+06, overflow=0.2735, tns=0.000e+00, t=0.4s, div=0)
14:01:39 ERROR: possible DIVERGENCE detected, roll back to the best position recorded
14:01:39 INFO: Stage 2 passed: PlacementResult(hpwl=2.924e+06, overflow=0.2741, tns=0.000e+00, t=0.4s, div=0)
14:01:39 INFO: Score: -inf | norm_hpwl: inf
=== Iteration 142/200 ===
14:01:55 INFO: Stage 0 passed: PlacementResult(hpwl=3.593e+06, overflow=0.3750, tns=0.000e+00, t=0.4s, div=0)
14:01:56 INFO: Stage 1 passed: PlacementResult(hpwl=2.535e+06, overflow=0.1672, tns=0.000e+00, t=1.4s, div=0)
14:02:02 INFO: Stage 2 passed: PlacementResult(hpwl=2.577e+06, overflow=0.0849, tns=0.000e+00, t=5.2s, div=0)
14:02:02 INFO: Score: -1.1807 | norm_hpwl: 1.1807
=== Iteration 143/200 ===
14:02:30 INFO: Stage 0 passed: PlacementResult(hpwl=3.284e+06, overflow=0.3510, tns=0.000e+00, t=0.4s, div=0)
14:02:31 INFO: Stage 1 passed: PlacementResult(hpwl=2.790e+06, overflow=0.0940, tns=0.000e+00, t=1.1s, div=0)
14:02:37 INFO: Stage 2 passed: PlacementResult(hpwl=2.760e+06, overflow=0.0944, tns=0.000e+00, t=5.6s, div=0)
14:02:37 INFO: Score: -1.2646 | norm_hpwl: 1.2646
=== Iteration 144/200 ===
14:02:54 INFO: Stage 0 passed: PlacementResult(hpwl=4.478e+06, overflow=0.3597, tns=0.000e+00, t=0.4s, div=0)
14:02:54 ERROR: possible DIVERGENCE detected, roll back to the best position recorded
14:02:54 INFO: Stage 1 passed: PlacementResult(hpwl=3.856e+06, overflow=0.2735, tns=0.000e+00, t=0.4s, div=0)
14:02:55 ERROR: possible DIVERGENCE detected, roll back to the best position recorded
14:02:55 INFO: Stage 2 passed: PlacementResult(hpwl=3.779e+06, overflow=0.2702, tns=0.000e+00, t=0.4s, div=0)
14:02:55 INFO: Score: -inf | norm_hpwl: inf
=== Iteration 145/200 ===
14:03:10 INFO: Stage 0 passed: PlacementResult(hpwl=4.938e+06, overflow=0.3777, tns=0.000e+00, t=0.4s, div=0)
14:03:11 INFO: Stage 1 passed: PlacementResult(hpwl=3.272e+06, overflow=0.0949, tns=0.000e+00, t=1.2s, div=0)
14:03:16 INFO: Stage 2 passed: PlacementResult(hpwl=3.209e+06, overflow=0.0830, tns=0.000e+00, t=5.1s, div=0)
14:03:16 INFO: Score: -1.4703 | norm_hpwl: 1.4703
=== Iteration 146/200 ===
14:03:36 INFO: Stage 0 passed: PlacementResult(hpwl=3.421e+06, overflow=0.3751, tns=0.000e+00, t=0.6s, div=0)
14:03:37 INFO: Stage 1 passed: PlacementResult(hpwl=2.289e+06, overflow=0.3171, tns=0.000e+00, t=1.0s, div=0)
14:03:41 INFO: Stage 2 passed: PlacementResult(hpwl=2.148e+06, overflow=0.3529, tns=0.000e+00, t=4.4s, div=0)
14:03:41 INFO: Score: -inf | norm_hpwl: inf
=== Iteration 147/200 ===
14:03:59 INFO: Stage 0 passed: PlacementResult(hpwl=3.763e+06, overflow=0.3757, tns=0.000e+00, t=0.4s, div=0)
14:04:00 INFO: Stage 1 passed: PlacementResult(hpwl=2.827e+06, overflow=0.1031, tns=0.000e+00, t=0.9s, div=0)
14:04:05 INFO: Stage 2 passed: PlacementResult(hpwl=2.913e+06, overflow=0.0822, tns=0.000e+00, t=4.9s, div=0)
14:04:05 INFO: Score: -1.3348 | norm_hpwl: 1.3348
=== Iteration 148/200 ===
14:04:23 INFO: Score: -inf | norm_hpwl: inf
=== Iteration 149/200 ===
14:04:40 INFO: Score: -inf | norm_hpwl: inf
=== Iteration 150/200 ===
14:05:00 INFO: Stage 0 passed: PlacementResult(hpwl=4.201e+06, overflow=0.3692, tns=0.000e+00, t=0.4s, div=0)
14:05:00 ERROR: possible DIVERGENCE detected, roll back to the best position recorded
14:05:00 INFO: Stage 1 passed: PlacementResult(hpwl=3.538e+06, overflow=0.2708, tns=0.000e+00, t=0.4s, div=0)
14:05:01 ERROR: possible DIVERGENCE detected, roll back to the best position recorded
14:05:01 INFO: Stage 2 passed: PlacementResult(hpwl=3.571e+06, overflow=0.2747, tns=0.000e+00, t=0.4s, div=0)
14:05:01 INFO: Score: -inf | norm_hpwl: inf
=== Iteration 151/200 ===
14:05:21 INFO: Score: -inf | norm_hpwl: inf
=== Iteration 152/200 ===
14:05:39 INFO: Score: -inf | norm_hpwl: inf
=== Iteration 153/200 ===
14:06:06 INFO: Score: -inf | norm_hpwl: inf
=== Iteration 154/200 ===
14:06:25 INFO: Stage 0 passed: PlacementResult(hpwl=3.778e+06, overflow=0.3671, tns=0.000e+00, t=0.4s, div=0)
14:06:26 INFO: Stage 1 passed: PlacementResult(hpwl=2.782e+06, overflow=0.1339, tns=0.000e+00, t=0.9s, div=0)
14:06:30 INFO: Stage 2 passed: PlacementResult(hpwl=2.804e+06, overflow=0.0830, tns=0.000e+00, t=4.1s, div=0)
14:06:30 INFO: Score: -1.2846 | norm_hpwl: 1.2846
=== Iteration 155/200 ===
14:06:57 INFO: Stage 0 passed: PlacementResult(hpwl=5.203e+06, overflow=0.3087, tns=0.000e+00, t=0.4s, div=0)
14:06:57 ERROR: possible DIVERGENCE detected, roll back to the best position recorded
14:06:57 INFO: Stage 1 passed: PlacementResult(hpwl=4.582e+06, overflow=0.2695, tns=0.000e+00, t=0.4s, div=0)
14:06:58 ERROR: possible DIVERGENCE detected, roll back to the best position recorded
14:06:58 INFO: Stage 2 passed: PlacementResult(hpwl=5.071e+06, overflow=0.2693, tns=0.000e+00, t=0.4s, div=0)
14:06:58 INFO: Score: -inf | norm_hpwl: inf
=== Iteration 156/200 ===
14:07:12 INFO: Stage 0 passed: PlacementResult(hpwl=3.693e+06, overflow=0.3732, tns=0.000e+00, t=0.4s, div=0)
14:07:13 INFO: Stage 1 passed: PlacementResult(hpwl=2.659e+06, overflow=0.1550, tns=0.000e+00, t=1.4s, div=0)
14:07:17 INFO: Stage 2 passed: PlacementResult(hpwl=2.725e+06, overflow=0.0829, tns=0.000e+00, t=4.3s, div=0)
14:07:17 INFO: Score: -1.2485 | norm_hpwl: 1.2485
=== Iteration 157/200 ===
14:07:36 INFO: Score: -inf | norm_hpwl: inf
=== Iteration 158/200 ===
14:07:57 INFO: Stage 0 passed: PlacementResult(hpwl=3.452e+06, overflow=0.3768, tns=0.000e+00, t=0.4s, div=0)
14:07:58 INFO: Stage 1 passed: PlacementResult(hpwl=2.344e+06, overflow=0.3190, tns=0.000e+00, t=1.0s, div=0)
14:08:03 INFO: Stage 2 passed: PlacementResult(hpwl=2.176e+06, overflow=0.2719, tns=0.000e+00, t=4.8s, div=0)
14:08:03 INFO: Score: -inf | norm_hpwl: inf
=== Iteration 159/200 ===
14:08:22 INFO: Score: -inf | norm_hpwl: inf
=== Iteration 160/200 ===
14:08:46 INFO: Stage 0 passed: PlacementResult(hpwl=4.572e+06, overflow=0.3649, tns=0.000e+00, t=0.4s, div=0)
14:08:46 ERROR: possible DIVERGENCE detected, roll back to the best position recorded
14:08:46 INFO: Stage 1 passed: PlacementResult(hpwl=3.718e+06, overflow=0.2681, tns=0.000e+00, t=0.5s, div=0)
14:08:46 ERROR: possible DIVERGENCE detected, roll back to the best position recorded
14:08:47 INFO: Stage 2 passed: PlacementResult(hpwl=3.654e+06, overflow=0.2676, tns=0.000e+00, t=0.4s, div=0)
14:08:47 INFO: Score: -inf | norm_hpwl: inf
=== Iteration 161/200 ===
14:09:18 INFO: Score: -inf | norm_hpwl: inf
=== Iteration 162/200 ===
14:09:37 INFO: Stage 0 passed: PlacementResult(hpwl=4.040e+06, overflow=0.3592, tns=0.000e+00, t=0.4s, div=0)
14:09:37 ERROR: possible DIVERGENCE detected, roll back to the best position recorded
14:09:37 INFO: Stage 1 passed: PlacementResult(hpwl=3.443e+06, overflow=0.2739, tns=0.000e+00, t=0.4s, div=0)
14:09:38 ERROR: possible DIVERGENCE detected, roll back to the best position recorded
14:09:38 INFO: Stage 2 passed: PlacementResult(hpwl=3.358e+06, overflow=0.2704, tns=0.000e+00, t=0.4s, div=0)
14:09:38 INFO: Score: -inf | norm_hpwl: inf
=== Iteration 163/200 ===
14:09:55 INFO: Score: -inf | norm_hpwl: inf
=== Iteration 164/200 ===
14:10:14 INFO: Stage 0 passed: PlacementResult(hpwl=6.596e+06, overflow=0.3576, tns=0.000e+00, t=0.4s, div=0)
14:10:14 ERROR: possible DIVERGENCE detected, roll back to the best position recorded
14:10:14 INFO: Stage 1 passed: PlacementResult(hpwl=5.910e+06, overflow=0.2683, tns=0.000e+00, t=0.4s, div=0)
14:10:19 INFO: Stage 2 passed: PlacementResult(hpwl=4.568e+06, overflow=0.0990, tns=0.000e+00, t=4.8s, div=0)
14:10:19 INFO: Score: -2.0927 | norm_hpwl: 2.0927
=== Iteration 165/200 ===
14:10:52 INFO: Stage 0 passed: PlacementResult(hpwl=4.405e+06, overflow=0.3612, tns=0.000e+00, t=0.4s, div=0)
14:10:53 ERROR: possible DIVERGENCE detected, roll back to the best position recorded
14:10:53 INFO: Stage 1 passed: PlacementResult(hpwl=3.805e+06, overflow=0.2717, tns=0.000e+00, t=0.6s, div=0)
14:10:53 ERROR: possible DIVERGENCE detected, roll back to the best position recorded
14:10:54 INFO: Stage 2 passed: PlacementResult(hpwl=3.748e+06, overflow=0.2722, tns=0.000e+00, t=0.5s, div=0)
14:10:54 INFO: Score: -inf | norm_hpwl: inf
=== Iteration 166/200 ===
14:11:23 INFO: Stage 0 passed: PlacementResult(hpwl=2.913e+06, overflow=0.3795, tns=0.000e+00, t=0.4s, div=0)
14:11:24 INFO: Stage 1 passed: PlacementResult(hpwl=2.173e+06, overflow=0.3546, tns=0.000e+00, t=1.0s, div=0)
14:11:28 INFO: Stage 2 passed: PlacementResult(hpwl=2.130e+06, overflow=0.3525, tns=0.000e+00, t=3.7s, div=0)
14:11:28 INFO: Score: -inf | norm_hpwl: inf
=== Iteration 167/200 ===
14:11:56 INFO: Score: -inf | norm_hpwl: inf
=== Iteration 168/200 ===
14:12:13 INFO: Stage 0 passed: PlacementResult(hpwl=3.321e+06, overflow=0.3747, tns=0.000e+00, t=0.4s, div=0)
14:12:14 INFO: Stage 1 passed: PlacementResult(hpwl=2.286e+06, overflow=0.3414, tns=0.000e+00, t=0.9s, div=0)
14:12:18 INFO: Stage 2 passed: PlacementResult(hpwl=2.119e+06, overflow=0.3516, tns=0.000e+00, t=3.8s, div=0)
14:12:18 INFO: Score: -inf | norm_hpwl: inf
=== Iteration 169/200 ===
14:12:44 INFO: Stage 0 passed: PlacementResult(hpwl=6.342e+06, overflow=0.3697, tns=0.000e+00, t=0.4s, div=0)
14:12:45 INFO: Stage 1 passed: PlacementResult(hpwl=4.763e+06, overflow=0.0898, tns=0.000e+00, t=0.8s, div=0)
14:12:45 INFO: Stage 2 passed: PlacementResult(hpwl=1.288e+07, overflow=0.2911, tns=0.000e+00, t=0.6s, div=0)
14:12:45 INFO: Score: -inf | norm_hpwl: inf
=== Iteration 170/200 ===
14:13:02 INFO: Stage 0 passed: PlacementResult(hpwl=3.199e+06, overflow=0.3702, tns=0.000e+00, t=0.4s, div=0)
14:13:03 INFO: Stage 1 passed: PlacementResult(hpwl=2.382e+06, overflow=0.2525, tns=0.000e+00, t=0.9s, div=0)
14:13:08 INFO: Stage 2 passed: PlacementResult(hpwl=2.331e+06, overflow=0.2098, tns=0.000e+00, t=4.7s, div=0)
14:13:08 INFO: Score: -inf | norm_hpwl: inf
=== Iteration 171/200 ===
14:13:24 INFO: Stage 0 passed: PlacementResult(hpwl=3.896e+06, overflow=0.3627, tns=0.000e+00, t=0.4s, div=0)
14:13:25 INFO: Stage 1 passed: PlacementResult(hpwl=2.930e+06, overflow=0.0991, tns=0.000e+00, t=0.9s, div=0)
14:13:29 INFO: Stage 2 passed: PlacementResult(hpwl=2.875e+06, overflow=0.1001, tns=0.000e+00, t=4.5s, div=0)
14:13:29 INFO: Score: -1.3172 | norm_hpwl: 1.3172
=== Iteration 172/200 ===
14:13:55 INFO: Stage 0 passed: PlacementResult(hpwl=4.532e+06, overflow=0.3603, tns=0.000e+00, t=0.4s, div=0)
14:13:56 ERROR: possible DIVERGENCE detected, roll back to the best position recorded
14:13:56 INFO: Stage 1 passed: PlacementResult(hpwl=3.928e+06, overflow=0.2678, tns=0.000e+00, t=0.5s, div=0)
14:13:56 ERROR: possible DIVERGENCE detected, roll back to the best position recorded
14:13:56 INFO: Stage 2 passed: PlacementResult(hpwl=3.895e+06, overflow=0.2682, tns=0.000e+00, t=0.5s, div=0)
14:13:56 INFO: Score: -inf | norm_hpwl: inf
=== Iteration 173/200 ===
14:14:17 INFO: Score: -inf | norm_hpwl: inf
=== Iteration 174/200 ===
14:14:32 INFO: Stage 0 passed: PlacementResult(hpwl=3.663e+06, overflow=0.3750, tns=0.000e+00, t=0.4s, div=0)
14:14:33 INFO: Stage 1 passed: PlacementResult(hpwl=2.575e+06, overflow=0.1759, tns=0.000e+00, t=1.3s, div=0)
14:14:38 INFO: Stage 2 passed: PlacementResult(hpwl=2.531e+06, overflow=0.0999, tns=0.000e+00, t=5.1s, div=0)
14:14:38 INFO: Score: -1.1597 | norm_hpwl: 1.1597
=== Iteration 175/200 ===
14:14:53 INFO: Stage 0 passed: PlacementResult(hpwl=6.970e+06, overflow=0.3410, tns=0.000e+00, t=0.4s, div=0)
14:14:54 INFO: Stage 1 passed: PlacementResult(hpwl=5.489e+06, overflow=0.0871, tns=0.000e+00, t=1.5s, div=0)
14:14:55 ERROR: possible DIVERGENCE detected, roll back to the best position recorded
14:14:55 INFO: Stage 2 passed: PlacementResult(hpwl=6.648e+06, overflow=0.2738, tns=0.000e+00, t=0.5s, div=0)
14:14:55 INFO: Score: -inf | norm_hpwl: inf
=== Iteration 176/200 ===
14:15:25 INFO: Stage 0 passed: PlacementResult(hpwl=2.816e+06, overflow=0.3820, tns=0.000e+00, t=0.4s, div=0)
14:15:26 INFO: Stage 1 passed: PlacementResult(hpwl=2.176e+06, overflow=0.3553, tns=0.000e+00, t=0.9s, div=0)
14:15:31 INFO: Stage 2 passed: PlacementResult(hpwl=2.134e+06, overflow=0.3523, tns=0.000e+00, t=4.4s, div=0)
14:15:31 INFO: Score: -inf | norm_hpwl: inf
=== Iteration 177/200 ===
14:15:50 INFO: Stage 0 passed: PlacementResult(hpwl=3.865e+06, overflow=0.3713, tns=0.000e+00, t=0.4s, div=0)
14:15:50 INFO: Stage 1 passed: PlacementResult(hpwl=2.896e+06, overflow=0.1016, tns=0.000e+00, t=0.9s, div=0)
14:15:55 INFO: Stage 2 passed: PlacementResult(hpwl=2.924e+06, overflow=0.0824, tns=0.000e+00, t=4.5s, div=0)
14:15:55 INFO: Score: -1.3395 | norm_hpwl: 1.3395
=== Iteration 178/200 ===
14:16:16 INFO: Score: -inf | norm_hpwl: inf
=== Iteration 179/200 ===
14:16:43 INFO: Stage 0 passed: PlacementResult(hpwl=4.629e+06, overflow=0.3473, tns=0.000e+00, t=0.4s, div=0)
14:16:43 ERROR: possible DIVERGENCE detected, roll back to the best position recorded
14:16:43 INFO: Stage 1 passed: PlacementResult(hpwl=4.374e+06, overflow=0.2719, tns=0.000e+00, t=0.5s, div=0)
14:16:44 ERROR: possible DIVERGENCE detected, roll back to the best position recorded
14:16:44 INFO: Stage 2 passed: PlacementResult(hpwl=4.195e+06, overflow=0.2700, tns=0.000e+00, t=0.5s, div=0)
14:16:44 INFO: Score: -inf | norm_hpwl: inf
=== Iteration 180/200 ===
14:17:24 INFO: Stage 0 passed: PlacementResult(hpwl=3.846e+06, overflow=0.3676, tns=0.000e+00, t=0.6s, div=0)
14:17:24 INFO: Stage 1 passed: PlacementResult(hpwl=2.929e+06, overflow=0.0972, tns=0.000e+00, t=0.9s, div=0)
14:17:29 INFO: Stage 2 passed: PlacementResult(hpwl=2.913e+06, overflow=0.0952, tns=0.000e+00, t=4.8s, div=0)
14:17:29 INFO: Score: -1.3344 | norm_hpwl: 1.3344
=== Iteration 181/200 ===
14:18:07 INFO: Stage 0 passed: PlacementResult(hpwl=4.979e+06, overflow=0.3779, tns=0.000e+00, t=0.4s, div=0)
14:18:08 INFO: Stage 1 passed: PlacementResult(hpwl=3.221e+06, overflow=0.1195, tns=0.000e+00, t=1.0s, div=0)
14:18:13 INFO: Stage 2 passed: PlacementResult(hpwl=3.247e+06, overflow=0.0823, tns=0.000e+00, t=4.7s, div=0)
14:18:13 INFO: Score: -1.4874 | norm_hpwl: 1.4874
=== Iteration 182/200 ===
14:18:30 INFO: Stage 0 passed: PlacementResult(hpwl=4.925e+06, overflow=0.3665, tns=0.000e+00, t=0.4s, div=0)
14:18:30 ERROR: possible DIVERGENCE detected, roll back to the best position recorded
14:18:30 INFO: Stage 1 passed: PlacementResult(hpwl=4.142e+06, overflow=0.2718, tns=0.000e+00, t=0.4s, div=0)
14:18:30 ERROR: possible DIVERGENCE detected, roll back to the best position recorded
14:18:30 INFO: Stage 2 passed: PlacementResult(hpwl=4.069e+06, overflow=0.2717, tns=0.000e+00, t=0.4s, div=0)
14:18:30 INFO: Score: -inf | norm_hpwl: inf
=== Iteration 183/200 ===
14:18:46 INFO: Score: -inf | norm_hpwl: inf
=== Iteration 184/200 ===
14:19:09 INFO: Stage 0 passed: PlacementResult(hpwl=3.528e+06, overflow=0.3766, tns=0.000e+00, t=0.4s, div=0)
14:19:10 INFO: Stage 1 passed: PlacementResult(hpwl=2.372e+06, overflow=0.3080, tns=0.000e+00, t=0.7s, div=0)
14:19:14 INFO: Stage 2 passed: PlacementResult(hpwl=2.120e+06, overflow=0.3518, tns=0.000e+00, t=4.4s, div=0)
14:19:14 INFO: Score: -inf | norm_hpwl: inf
=== Iteration 185/200 ===
14:19:33 INFO: Stage 0 passed: PlacementResult(hpwl=5.138e+06, overflow=0.3647, tns=0.000e+00, t=0.4s, div=0)
14:19:34 ERROR: possible DIVERGENCE detected, roll back to the best position recorded
14:19:34 INFO: Stage 1 passed: PlacementResult(hpwl=4.322e+06, overflow=0.2688, tns=0.000e+00, t=0.4s, div=0)
14:19:34 ERROR: possible DIVERGENCE detected, roll back to the best position recorded
14:19:34 INFO: Stage 2 passed: PlacementResult(hpwl=4.306e+06, overflow=0.2660, tns=0.000e+00, t=0.4s, div=0)
14:19:34 INFO: Score: -inf | norm_hpwl: inf
=== Iteration 186/200 ===
14:19:51 INFO: Stage 0 passed: PlacementResult(hpwl=9.063e+06, overflow=0.3527, tns=0.000e+00, t=0.5s, div=0)
14:19:52 INFO: Score: -inf | norm_hpwl: inf
=== Iteration 187/200 ===
14:20:09 INFO: Stage 0 passed: PlacementResult(hpwl=4.327e+06, overflow=0.3540, tns=0.000e+00, t=0.4s, div=0)
14:20:09 ERROR: possible DIVERGENCE detected, roll back to the best position recorded
14:20:09 INFO: Stage 1 passed: PlacementResult(hpwl=3.832e+06, overflow=0.2680, tns=0.000e+00, t=0.4s, div=0)
14:20:10 ERROR: possible DIVERGENCE detected, roll back to the best position recorded
14:20:10 INFO: Stage 2 passed: PlacementResult(hpwl=3.866e+06, overflow=0.2704, tns=0.000e+00, t=0.4s, div=0)
14:20:10 INFO: Score: -inf | norm_hpwl: inf
=== Iteration 188/200 ===
14:20:27 INFO: Stage 0 passed: PlacementResult(hpwl=3.530e+06, overflow=0.3760, tns=0.000e+00, t=0.4s, div=0)
14:20:29 INFO: Stage 1 passed: PlacementResult(hpwl=2.490e+06, overflow=0.2241, tns=0.000e+00, t=1.5s, div=0)
14:20:34 INFO: Stage 2 passed: PlacementResult(hpwl=2.376e+06, overflow=0.1798, tns=0.000e+00, t=4.8s, div=0)
14:20:34 INFO: Score: -inf | norm_hpwl: inf
=== Iteration 189/200 ===
14:20:51 INFO: Stage 0 passed: PlacementResult(hpwl=3.933e+06, overflow=0.3741, tns=0.000e+00, t=0.4s, div=0)
14:20:52 INFO: Stage 1 passed: PlacementResult(hpwl=2.836e+06, overflow=0.1120, tns=0.000e+00, t=1.0s, div=0)
14:20:57 INFO: Stage 2 passed: PlacementResult(hpwl=2.916e+06, overflow=0.0824, tns=0.000e+00, t=5.0s, div=0)
14:20:57 INFO: Score: -1.3357 | norm_hpwl: 1.3357
=== Iteration 190/200 ===
14:21:09 INFO: Stage 0 passed: PlacementResult(hpwl=2.980e+06, overflow=0.3765, tns=0.000e+00, t=0.4s, div=0)
14:21:11 INFO: Stage 1 passed: PlacementResult(hpwl=2.194e+06, overflow=0.3560, tns=0.000e+00, t=1.1s, div=0)
14:21:16 INFO: Stage 2 passed: PlacementResult(hpwl=2.135e+06, overflow=0.3526, tns=0.000e+00, t=5.0s, div=0)
14:21:16 INFO: Score: -inf | norm_hpwl: inf
=== Iteration 191/200 ===
14:21:39 INFO: Score: -inf | norm_hpwl: inf
=== Iteration 192/200 ===
14:22:05 INFO: Stage 0 passed: PlacementResult(hpwl=6.233e+06, overflow=0.3761, tns=0.000e+00, t=0.5s, div=0)
14:22:06 INFO: Stage 1 passed: PlacementResult(hpwl=3.552e+06, overflow=0.1832, tns=0.000e+00, t=1.1s, div=0)
14:22:11 INFO: Stage 2 passed: PlacementResult(hpwl=2.551e+06, overflow=0.1891, tns=0.000e+00, t=4.9s, div=0)
14:22:11 INFO: Score: -inf | norm_hpwl: inf
=== Iteration 193/200 ===
14:22:46 INFO: Score: -inf | norm_hpwl: inf
=== Iteration 194/200 ===
14:23:12 INFO: Stage 0 passed: PlacementResult(hpwl=5.327e+06, overflow=0.3792, tns=0.000e+00, t=0.4s, div=0)
14:23:13 INFO: Stage 1 passed: PlacementResult(hpwl=4.020e+06, overflow=0.0851, tns=0.000e+00, t=0.9s, div=0)
14:23:18 INFO: Stage 2 passed: PlacementResult(hpwl=3.914e+06, overflow=0.0826, tns=0.000e+00, t=5.0s, div=0)
14:23:18 INFO: Score: -1.7930 | norm_hpwl: 1.7930
=== Iteration 195/200 ===
14:23:34 INFO: Stage 0 passed: PlacementResult(hpwl=3.515e+06, overflow=0.3735, tns=0.000e+00, t=0.4s, div=0)
14:23:35 INFO: Stage 1 passed: PlacementResult(hpwl=2.587e+06, overflow=0.1851, tns=0.000e+00, t=1.0s, div=0)
14:23:40 INFO: Stage 2 passed: PlacementResult(hpwl=2.561e+06, overflow=0.1129, tns=0.000e+00, t=4.8s, div=0)
14:23:40 INFO: Score: -1.1735 | norm_hpwl: 1.1735
=== Iteration 196/200 ===
14:24:07 INFO: Stage 0 passed: PlacementResult(hpwl=3.393e+06, overflow=0.3623, tns=0.000e+00, t=0.4s, div=0)
14:24:08 ERROR: possible DIVERGENCE detected, roll back to the best position recorded
14:24:08 INFO: Stage 1 passed: PlacementResult(hpwl=2.868e+06, overflow=0.2735, tns=0.000e+00, t=0.5s, div=0)
14:24:13 INFO: Stage 2 passed: PlacementResult(hpwl=2.805e+06, overflow=0.0825, tns=0.000e+00, t=4.9s, div=0)
14:24:13 INFO: Score: -1.2850 | norm_hpwl: 1.2850
=== Iteration 197/200 ===
14:24:31 INFO: Stage 0 passed: PlacementResult(hpwl=3.009e+06, overflow=0.3836, tns=0.000e+00, t=0.4s, div=0)
14:24:32 INFO: Stage 1 passed: PlacementResult(hpwl=2.182e+06, overflow=0.3563, tns=0.000e+00, t=1.0s, div=0)
14:24:36 INFO: Stage 2 passed: PlacementResult(hpwl=2.141e+06, overflow=0.3527, tns=0.000e+00, t=4.0s, div=0)
14:24:36 INFO: Score: -inf | norm_hpwl: inf
=== Iteration 198/200 ===
14:24:57 INFO: Stage 0 passed: PlacementResult(hpwl=5.731e+06, overflow=0.3583, tns=0.000e+00, t=0.4s, div=0)
14:24:57 ERROR: possible DIVERGENCE detected, roll back to the best position recorded
14:24:57 INFO: Stage 1 passed: PlacementResult(hpwl=5.148e+06, overflow=0.2692, tns=0.000e+00, t=0.4s, div=0)
14:25:02 INFO: Stage 2 passed: PlacementResult(hpwl=4.590e+06, overflow=0.0825, tns=0.000e+00, t=4.9s, div=0)
14:25:02 INFO: Score: -2.1031 | norm_hpwl: 2.1031
=== Iteration 199/200 ===
14:25:31 INFO: Score: -inf | norm_hpwl: inf
=== Iteration 200/200 ===
14:25:57 INFO: Stage 0 passed: PlacementResult(hpwl=6.883e+06, overflow=0.3576, tns=0.000e+00, t=0.4s, div=0)
14:25:58 INFO: Stage 1 passed: PlacementResult(hpwl=6.110e+06, overflow=0.0846, tns=0.000e+00, t=1.1s, div=0)
14:25:58 ERROR: possible DIVERGENCE detected, roll back to the best position recorded
14:25:58 INFO: Stage 2 passed: PlacementResult(hpwl=6.057e+06, overflow=0.2679, tns=0.000e+00, t=0.5s, div=0)
14:25:58 INFO: Score: -inf | norm_hpwl: inf
14:26:29 INFO: Best program: /home/chaithu/evoplace/experiments/exp02_density_schedule/evolution_runs/best_program.py
14:26:29 INFO: Done.
